<html>
<body>
<pre>
<h1>礦ision Build Log</h1>
<h2>Tool Versions:</h2>
IDE-Version: μVision V5.29.0.0
Copyright (C) 2019 ARM Ltd and ARM Germany GmbH. All rights reserved.
License Information: l EDY, l, LIC=2TTQ1-CBH84-F1RPT-R5VMW-XBRKP-DIEZK
 
Tool Versions:
Toolchain:       MDK-ARM Professional  Version: 5.29.0.0
Toolchain Path:  D:\keil\ARM\ARMCC\Bin
C Compiler:      Armcc.exe V5.06 update 6 (build 750)
Assembler:       Armasm.exe V5.06 update 6 (build 750)
Linker/Locator:  ArmLink.exe V5.06 update 6 (build 750)
Library Manager: ArmAr.exe V5.06 update 6 (build 750)
Hex Converter:   FromElf.exe V5.06 update 6 (build 750)
CPU DLL:         SARMCM3.DLL V5.29.0.0
Dialog DLL:      DCM.DLL V1.17.3.0
Target DLL:      CMSIS_AGDI.dll V1.32.0.0
Dialog DLL:      TCM.DLL V1.36.5.0
 
<h2>Project:</h2>
C:\Users\EDY\Desktop\新建文件夹\ZT_test\GD32F3x0_Firmware_Library_V2.6.0\GD32F3x0_Firmware_Library_V2.6.0\GD32F3x0_Firmware_Library_V2.6.0\Template\Keil5_project\Project.uvprojx
Project File Date:  07/15/2026

<h2>Output:</h2>
*** Using Compiler 'V5.06 update 6 (build 750)', folder: 'D:\keil\ARM\ARMCC\Bin'
Rebuild target 'GD32F330'
compiling gd32f3x0_cec.c...
compiling gd32f3x0_cmp.c...
compiling system_gd32f3x0.c...
compiling gd32f3x0_dac.c...
compiling systick.c...
compiling gd32f3x0_ctc.c...
compiling gd32f3x0_crc.c...
compiling gd32f3x0_it.c...
..\gd32f3x0_it.c(203): warning:  #1-D: last line of file ends without a newline
  }
..\gd32f3x0_it.c: 1 warning, 0 errors
compiling gd32f3x0_adc.c...
compiling main.c...
..\main.c(963): warning:  #111-D: statement is unreachable
      return 0;
..\main.c: 1 warning, 0 errors
compiling gd32f3x0_dbg.c...
compiling gd32f3x0_exti.c...
compiling gd32f3x0_dma.c...
compiling gd32f3x0_gpio.c...
compiling gd32f3x0_fwdgt.c...
compiling gd32f3x0_misc.c...
compiling gd32f3x0_i2c.c...
compiling gd32f3x0_fmc.c...
compiling gd32f3x0_pmu.c...
compiling gd32f3x0_tsi.c...
compiling gd32f3x0_spi.c...
assembling startup_gd32f3x0.s...
compiling gd32f3x0_rcu.c...
compiling gd32f3x0_rtc.c...
compiling gd32f3x0_syscfg.c...
compiling gd32f3x0_wwdgt.c...
compiling gd32f3x0_timer.c...
compiling gd32f3x0_usart.c...
compiling gd32f350r_eval.c...
linking...
Program Size: Code=14080 RO-data=400 RW-data=220 ZI-data=1140  
FromELF: creating hex file...
After Build - User command #1: fromelf.exe --bin --output .\output\Project.bin .\output\Project.axf
".\output\Project.axf" - 0 Error(s), 2 Warning(s).

<h2>Software Packages used:</h2>

Package Vendor: GigaDevice
                https://gd32mcu.com/data/documents/pack/GigaDevice.GD32F3x0_DFP.3.4.0.pack
                GigaDevice.GD32F3x0_DFP.3.4.0
                GigaDevice GD32F3x0 Series Device Support and Examples

<h2>Collection of Component include folders:</h2>
  .\RTE\_GD32F330
  C:\Users\EDY\AppData\Local\Arm\Packs\GigaDevice\GD32F3x0_DFP\3.4.0\Device\Include

<h2>Collection of Component Files used:</h2>
Build Time Elapsed:  00:00:02
</pre>
</body>
</html>
