Component: ARM Compiler 5.06 update 6 (build 750) Tool: armlink [4d35ed]

==============================================================================

Section Cross References

    gd32f3x0_it.o(i.SysTick_Handler) refers to systick.o(i.delay_decrement) for delay_decrement
    gd32f3x0_it.o(i.TIMER1_IRQHandler) refers to gd32f3x0_timer.o(i.timer_interrupt_flag_get) for timer_interrupt_flag_get
    gd32f3x0_it.o(i.TIMER1_IRQHandler) refers to gd32f3x0_timer.o(i.timer_interrupt_flag_clear) for timer_interrupt_flag_clear
    gd32f3x0_it.o(i.TIMER1_IRQHandler) refers to main.o(.data) for imu_loop_flag
    main.o(i.attitude_calc_6axis) refers to sqrtf.o(i.__hardfp_sqrtf) for __hardfp_sqrtf
    main.o(i.attitude_calc_6axis) refers to atan2f.o(i.__hardfp_atan2f) for __hardfp_atan2f
    main.o(i.attitude_calc_6axis) refers to main.o(i.euler_to_quat) for euler_to_quat
    main.o(i.attitude_calc_6axis) refers to main.o(.data) for first_run
    main.o(i.attitude_calc_6axis) refers to main.o(.bss) for icm_raw
    main.o(i.attitude_calc_6axis) refers to main.o(i.quat_normalize) for quat_normalize
    main.o(i.attitude_calc_9axis) refers to main.o(i.attitude_calc_6axis) for attitude_calc_6axis
    main.o(i.attitude_calc_9axis) refers to cosf.o(i.__hardfp_cosf) for __hardfp_cosf
    main.o(i.attitude_calc_9axis) refers to sinf.o(i.__hardfp_sinf) for __hardfp_sinf
    main.o(i.attitude_calc_9axis) refers to atan2f.o(i.__hardfp_atan2f) for __hardfp_atan2f
    main.o(i.attitude_calc_9axis) refers to main.o(.data) for day_mode
    main.o(i.attitude_calc_9axis) refers to main.o(.bss) for att
    main.o(i.com_usart_init) refers to gd32f3x0_rcu.o(i.rcu_periph_clock_enable) for rcu_periph_clock_enable
    main.o(i.com_usart_init) refers to gd32f3x0_gpio.o(i.gpio_af_set) for gpio_af_set
    main.o(i.com_usart_init) refers to gd32f3x0_gpio.o(i.gpio_mode_set) for gpio_mode_set
    main.o(i.com_usart_init) refers to gd32f3x0_gpio.o(i.gpio_output_options_set) for gpio_output_options_set
    main.o(i.com_usart_init) refers to gd32f3x0_usart.o(i.usart_deinit) for usart_deinit
    main.o(i.com_usart_init) refers to gd32f3x0_usart.o(i.usart_word_length_set) for usart_word_length_set
    main.o(i.com_usart_init) refers to gd32f3x0_usart.o(i.usart_stop_bit_set) for usart_stop_bit_set
    main.o(i.com_usart_init) refers to gd32f3x0_usart.o(i.usart_parity_config) for usart_parity_config
    main.o(i.com_usart_init) refers to gd32f3x0_usart.o(i.usart_baudrate_set) for usart_baudrate_set
    main.o(i.com_usart_init) refers to gd32f3x0_usart.o(i.usart_receive_config) for usart_receive_config
    main.o(i.com_usart_init) refers to gd32f3x0_usart.o(i.usart_transmit_config) for usart_transmit_config
    main.o(i.com_usart_init) refers to gd32f3x0_usart.o(i.usart_enable) for usart_enable
    main.o(i.euler_to_quat) refers to cosf.o(i.__hardfp_cosf) for __hardfp_cosf
    main.o(i.euler_to_quat) refers to sinf.o(i.__hardfp_sinf) for __hardfp_sinf
    main.o(i.euler_to_quat) refers to main.o(i.quat_normalize) for quat_normalize
    main.o(i.euler_to_quat) refers to main.o(.bss) for quat
    main.o(i.flash_read) refers to memcpya.o(.text) for __aeabi_memcpy
    main.o(i.flash_write) refers to gd32f3x0_fmc.o(i.fmc_unlock) for fmc_unlock
    main.o(i.flash_write) refers to gd32f3x0_fmc.o(i.fmc_page_erase) for fmc_page_erase
    main.o(i.flash_write) refers to gd32f3x0_fmc.o(i.fmc_word_program) for fmc_word_program
    main.o(i.flash_write) refers to gd32f3x0_fmc.o(i.fmc_lock) for fmc_lock
    main.o(i.gpio_config) refers to gd32f3x0_gpio.o(i.gpio_af_set) for gpio_af_set
    main.o(i.gpio_config) refers to gd32f3x0_gpio.o(i.gpio_mode_set) for gpio_mode_set
    main.o(i.gpio_config) refers to gd32f3x0_gpio.o(i.gpio_output_options_set) for gpio_output_options_set
    main.o(i.i2c_config) refers to main.o(i.soft_i2c_init) for soft_i2c_init
    main.o(i.i2c_reg_read) refers to main.o(i.soft_i2c_start) for soft_i2c_start
    main.o(i.i2c_reg_read) refers to main.o(i.soft_i2c_send_byte) for soft_i2c_send_byte
    main.o(i.i2c_reg_read) refers to main.o(i.soft_i2c_read_byte) for soft_i2c_read_byte
    main.o(i.i2c_reg_read) refers to main.o(i.soft_i2c_stop) for soft_i2c_stop
    main.o(i.i2c_reg_read_multi) refers to main.o(i.soft_i2c_start) for soft_i2c_start
    main.o(i.i2c_reg_read_multi) refers to main.o(i.soft_i2c_send_byte) for soft_i2c_send_byte
    main.o(i.i2c_reg_read_multi) refers to main.o(i.soft_i2c_read_byte) for soft_i2c_read_byte
    main.o(i.i2c_reg_read_multi) refers to main.o(i.soft_i2c_stop) for soft_i2c_stop
    main.o(i.i2c_reg_write) refers to main.o(i.soft_i2c_start) for soft_i2c_start
    main.o(i.i2c_reg_write) refers to main.o(i.soft_i2c_send_byte) for soft_i2c_send_byte
    main.o(i.i2c_reg_write) refers to main.o(i.soft_i2c_stop) for soft_i2c_stop
    main.o(i.i2c_test) refers to printfa.o(i.__0printf) for __2printf
    main.o(i.i2c_test) refers to main.o(i.soft_i2c_init) for soft_i2c_init
[...]
    Removing gd32f3x0_i2c.o(i.i2c_mode_addr_config), (28 bytes).
    Removing gd32f3x0_i2c.o(i.i2c_pec_config), (16 bytes).
    Removing gd32f3x0_i2c.o(i.i2c_pec_transfer_config), (16 bytes).
    Removing gd32f3x0_i2c.o(i.i2c_pec_value_get), (10 bytes).
    Removing gd32f3x0_i2c.o(i.i2c_slave_response_to_gcall_config), (16 bytes).
    Removing gd32f3x0_i2c.o(i.i2c_smbus_alert_config), (16 bytes).
    Removing gd32f3x0_i2c.o(i.i2c_smbus_arp_config), (16 bytes).
    Removing gd32f3x0_i2c.o(i.i2c_smbus_type_config), (24 bytes).
    Removing gd32f3x0_i2c.o(i.i2c_software_reset_config), (16 bytes).
    Removing gd32f3x0_i2c.o(i.i2c_start_on_bus), (10 bytes).
    Removing gd32f3x0_i2c.o(i.i2c_stop_on_bus), (10 bytes).
    Removing gd32f3x0_i2c.o(i.i2c_stretch_scl_low_config), (16 bytes).
    Removing gd32f3x0_misc.o(.rev16_text), (4 bytes).
    Removing gd32f3x0_misc.o(.revsh_text), (4 bytes).
    Removing gd32f3x0_misc.o(i.nvic_irq_disable), (28 bytes).
    Removing gd32f3x0_misc.o(i.system_lowpower_reset), (16 bytes).
    Removing gd32f3x0_misc.o(i.system_lowpower_set), (16 bytes).
    Removing gd32f3x0_misc.o(i.systick_clksource_set), (40 bytes).
    Removing gd32f3x0_pmu.o(.rev16_text), (4 bytes).
    Removing gd32f3x0_pmu.o(.revsh_text), (4 bytes).
    Removing gd32f3x0_pmu.o(i.pmu_backup_write_disable), (20 bytes).
    Removing gd32f3x0_pmu.o(i.pmu_backup_write_enable), (20 bytes).
    Removing gd32f3x0_pmu.o(i.pmu_deinit), (20 bytes).
    Removing gd32f3x0_pmu.o(i.pmu_flag_clear), (44 bytes).
    Removing gd32f3x0_pmu.o(i.pmu_flag_get), (20 bytes).
    Removing gd32f3x0_pmu.o(i.pmu_highdriver_mode_disable), (20 bytes).
    Removing gd32f3x0_pmu.o(i.pmu_highdriver_mode_enable), (20 bytes).
    Removing gd32f3x0_pmu.o(i.pmu_highdriver_switch_select), (44 bytes).
    Removing gd32f3x0_pmu.o(i.pmu_ldo_output_select), (28 bytes).
    Removing gd32f3x0_pmu.o(i.pmu_lowdriver_mode_disable), (24 bytes).
    Removing gd32f3x0_pmu.o(i.pmu_lowdriver_mode_enable), (28 bytes).
    Removing gd32f3x0_pmu.o(i.pmu_lowpower_driver_config), (28 bytes).
    Removing gd32f3x0_pmu.o(i.pmu_lvd_disable), (20 bytes).
    Removing gd32f3x0_pmu.o(i.pmu_lvd_select), (48 bytes).
    Removing gd32f3x0_pmu.o(i.pmu_normalpower_driver_config), (28 bytes).
    Removing gd32f3x0_pmu.o(i.pmu_to_deepsleepmode), (244 bytes).
    Removing gd32f3x0_pmu.o(i.pmu_to_sleepmode), (32 bytes).
    Removing gd32f3x0_pmu.o(i.pmu_to_standbymode), (96 bytes).
    Removing gd32f3x0_pmu.o(i.pmu_wakeup_pin_disable), (16 bytes).
    Removing gd32f3x0_pmu.o(i.pmu_wakeup_pin_enable), (16 bytes).
    Removing gd32f3x0_pmu.o(.bss), (16 bytes).
    Removing gd32f3x0_rcu.o(.rev16_text), (4 bytes).
    Removing gd32f3x0_rcu.o(.revsh_text), (4 bytes).
    Removing gd32f3x0_rcu.o(i.rcu_adc_clock_config), (332 bytes).
    Removing gd32f3x0_rcu.o(i.rcu_ahb_clock_config), (28 bytes).
    Removing gd32f3x0_rcu.o(i.rcu_all_reset_flag_clear), (20 bytes).
    Removing gd32f3x0_rcu.o(i.rcu_apb1_clock_config), (28 bytes).
    Removing gd32f3x0_rcu.o(i.rcu_apb2_clock_config), (28 bytes).
    Removing gd32f3x0_rcu.o(i.rcu_bkp_reset_disable), (20 bytes).
    Removing gd32f3x0_rcu.o(i.rcu_bkp_reset_enable), (20 bytes).
    Removing gd32f3x0_rcu.o(i.rcu_cec_clock_config), (28 bytes).
    Removing gd32f3x0_rcu.o(i.rcu_ck48m_clock_config), (28 bytes).
    Removing gd32f3x0_rcu.o(i.rcu_ckout_config), (28 bytes).
    Removing gd32f3x0_rcu.o(i.rcu_deepsleep_voltage_set), (36 bytes).
    Removing gd32f3x0_rcu.o(i.rcu_deinit), (176 bytes).
    Removing gd32f3x0_rcu.o(i.rcu_flag_get), (40 bytes).
    Removing gd32f3x0_rcu.o(i.rcu_hxtal_clock_monitor_disable), (20 bytes).
    Removing gd32f3x0_rcu.o(i.rcu_hxtal_clock_monitor_enable), (20 bytes).
    Removing gd32f3x0_rcu.o(i.rcu_hxtal_prediv_config), (24 bytes).
    Removing gd32f3x0_rcu.o(i.rcu_interrupt_disable), (32 bytes).
    Removing gd32f3x0_rcu.o(i.rcu_interrupt_enable), (32 bytes).
    Removing gd32f3x0_rcu.o(i.rcu_interrupt_flag_clear), (32 bytes).
    Removing gd32f3x0_rcu.o(i.rcu_interrupt_flag_get), (40 bytes).
    Removing gd32f3x0_rcu.o(i.rcu_irc28m_adjust_value_set), (24 bytes).
    Removing gd32f3x0_rcu.o(i.rcu_irc8m_adjust_value_set), (24 bytes).
    Removing gd32f3x0_rcu.o(i.rcu_lxtal_drive_capability_config), (28 bytes).
    Removing gd32f3x0_rcu.o(i.rcu_osci_bypass_mode_disable), (108 bytes).
    Removing gd32f3x0_rcu.o(i.rcu_osci_bypass_mode_enable), (108 bytes).
    Removing gd32f3x0_rcu.o(i.rcu_osci_off), (32 bytes).
    Removing gd32f3x0_rcu.o(i.rcu_osci_on), (32 bytes).
    Removing gd32f3x0_rcu.o(i.rcu_osci_stab_wait), (316 bytes).
    Removing gd32f3x0_rcu.o(i.rcu_periph_clock_disable), (32 bytes).
    Removing gd32f3x0_rcu.o(i.rcu_periph_clock_sleep_disable), (32 bytes).
    Removing gd32f3x0_rcu.o(i.rcu_periph_clock_sleep_enable), (32 bytes).
    Removing gd32f3x0_rcu.o(i.rcu_pll_config), (64 bytes).
    Removing gd32f3x0_rcu.o(i.rcu_pll_preselection_config), (28 bytes).
    Removing gd32f3x0_rcu.o(i.rcu_rtc_clock_config), (28 bytes).
    Removing gd32f3x0_rcu.o(i.rcu_system_clock_source_config), (28 bytes).
    Removing gd32f3x0_rcu.o(i.rcu_system_clock_source_get), (16 bytes).
    Removing gd32f3x0_rcu.o(i.rcu_usart_clock_config), (28 bytes).
    Removing gd32f3x0_rcu.o(i.rcu_usbfs_clock_config), (56 bytes).
    Removing gd32f3x0_rcu.o(i.rcu_voltage_key_unlock), (40 bytes).
    Removing gd32f3x0_rtc.o(.rev16_text), (4 bytes).
    Removing gd32f3x0_rtc.o(.revsh_text), (4 bytes).
    Removing gd32f3x0_rtc.o(i.rtc_alarm_config), (84 bytes).
    Removing gd32f3x0_rtc.o(i.rtc_alarm_disable), (80 bytes).
    Removing gd32f3x0_rtc.o(i.rtc_alarm_enable), (40 bytes).
    Removing gd32f3x0_rtc.o(i.rtc_alarm_get), (56 bytes).
    Removing gd32f3x0_rtc.o(i.rtc_alarm_subsecond_config), (32 bytes).
    Removing gd32f3x0_rtc.o(i.rtc_alarm_subsecond_get), (16 bytes).
    Removing gd32f3x0_rtc.o(i.rtc_alter_output_config), (76 bytes).
    Removing gd32f3x0_rtc.o(i.rtc_bypass_shadow_disable), (40 bytes).
    Removing gd32f3x0_rtc.o(i.rtc_bypass_shadow_enable), (40 bytes).
    Removing gd32f3x0_rtc.o(i.rtc_calibration_config), (76 bytes).
    Removing gd32f3x0_rtc.o(i.rtc_current_time_get), (100 bytes).
    Removing gd32f3x0_rtc.o(i.rtc_deinit), (128 bytes).
    Removing gd32f3x0_rtc.o(i.rtc_flag_clear), (16 bytes).
    Removing gd32f3x0_rtc.o(i.rtc_flag_get), (20 bytes).
    Removing gd32f3x0_rtc.o(i.rtc_hour_adjust), (36 bytes).
    Removing gd32f3x0_rtc.o(i.rtc_init), (196 bytes).
    Removing gd32f3x0_rtc.o(i.rtc_init_mode_enter), (68 bytes).
    Removing gd32f3x0_rtc.o(i.rtc_init_mode_exit), (20 bytes).
    Removing gd32f3x0_rtc.o(i.rtc_interrupt_disable), (60 bytes).
    Removing gd32f3x0_rtc.o(i.rtc_interrupt_enable), (60 bytes).
    Removing gd32f3x0_rtc.o(i.rtc_refclock_detection_disable), (56 bytes).
    Removing gd32f3x0_rtc.o(i.rtc_refclock_detection_enable), (56 bytes).
    Removing gd32f3x0_rtc.o(i.rtc_register_sync_wait), (96 bytes).
    Removing gd32f3x0_rtc.o(i.rtc_second_adjust), (108 bytes).
    Removing gd32f3x0_rtc.o(i.rtc_subsecond_get), (20 bytes).
    Removing gd32f3x0_rtc.o(i.rtc_tamper_disable), (16 bytes).
    Removing gd32f3x0_rtc.o(i.rtc_tamper_enable), (164 bytes).
    Removing gd32f3x0_rtc.o(i.rtc_timestamp_disable), (40 bytes).
    Removing gd32f3x0_rtc.o(i.rtc_timestamp_enable), (48 bytes).
    Removing gd32f3x0_rtc.o(i.rtc_timestamp_get), (60 bytes).
    Removing gd32f3x0_rtc.o(i.rtc_timestamp_subsecond_get), (12 bytes).
    Removing gd32f3x0_spi.o(.rev16_text), (4 bytes).
    Removing gd32f3x0_spi.o(.revsh_text), (4 bytes).
    Removing gd32f3x0_spi.o(i.spi_bidirectional_transfer_config), (26 bytes).
    Removing gd32f3x0_spi.o(i.spi_crc_error_clear), (8 bytes).
    Removing gd32f3x0_spi.o(i.spi_crc_get), (16 bytes).
    Removing gd32f3x0_spi.o(i.spi_crc_next), (10 bytes).
    Removing gd32f3x0_spi.o(i.spi_crc_off), (10 bytes).
    Removing gd32f3x0_spi.o(i.spi_crc_on), (10 bytes).
    Removing gd32f3x0_spi.o(i.spi_crc_polynomial_get), (8 bytes).
    Removing gd32f3x0_spi.o(i.spi_crc_polynomial_set), (12 bytes).
    Removing gd32f3x0_spi.o(i.spi_disable), (10 bytes).
    Removing gd32f3x0_spi.o(i.spi_dma_disable), (22 bytes).
    Removing gd32f3x0_spi.o(i.spi_dma_enable), (22 bytes).
    Removing gd32f3x0_spi.o(i.spi_enable), (10 bytes).
    Removing gd32f3x0_spi.o(i.spi_i2s_data_frame_format_config), (16 bytes).
    Removing gd32f3x0_spi.o(i.spi_i2s_data_receive), (8 bytes).
    Removing gd32f3x0_spi.o(i.spi_i2s_data_transmit), (4 bytes).
    Removing gd32f3x0_spi.o(i.spi_i2s_deinit), (64 bytes).
    Removing gd32f3x0_spi.o(i.spi_i2s_flag_get), (16 bytes).
    Removing gd32f3x0_spi.o(i.spi_i2s_format_error_clear), (6 bytes).
    Removing gd32f3x0_spi.o(i.spi_i2s_interrupt_disable), (8 bytes).
    Removing gd32f3x0_spi.o(i.spi_i2s_interrupt_enable), (8 bytes).
    Removing gd32f3x0_spi.o(i.spi_i2s_interrupt_flag_get), (112 bytes).
    Removing gd32f3x0_spi.o(i.spi_init), (50 bytes).
    Removing gd32f3x0_spi.o(i.spi_nss_internal_high), (10 bytes).
    Removing gd32f3x0_spi.o(i.spi_nss_internal_low), (10 bytes).
    Removing gd32f3x0_spi.o(i.spi_nss_output_disable), (10 bytes).
    Removing gd32f3x0_spi.o(i.spi_nss_output_enable), (10 bytes).
    Removing gd32f3x0_spi.o(i.spi_nssp_mode_disable), (10 bytes).
    Removing gd32f3x0_spi.o(i.spi_nssp_mode_enable), (10 bytes).
    Removing gd32f3x0_spi.o(i.spi_quad_disable), (14 bytes).
    Removing gd32f3x0_spi.o(i.spi_quad_enable), (14 bytes).
    Removing gd32f3x0_spi.o(i.spi_quad_read_enable), (14 bytes).
    Removing gd32f3x0_spi.o(i.spi_quad_write_enable), (14 bytes).
    Removing gd32f3x0_spi.o(i.spi_struct_para_init), (18 bytes).
    Removing gd32f3x0_spi.o(i.spi_ti_mode_disable), (10 bytes).
    Removing gd32f3x0_spi.o(i.spi_ti_mode_enable), (10 bytes).
    Removing gd32f3x0_syscfg.o(.rev16_text), (4 bytes).
    Removing gd32f3x0_syscfg.o(.revsh_text), (4 bytes).
    Removing gd32f3x0_syscfg.o(i.syscfg_compensation_config), (24 bytes).
    Removing gd32f3x0_syscfg.o(i.syscfg_cps_rdy_flag_get), (24 bytes).
    Removing gd32f3x0_syscfg.o(i.syscfg_deinit), (20 bytes).
    Removing gd32f3x0_syscfg.o(i.syscfg_dma_remap_disable), (16 bytes).
    Removing gd32f3x0_syscfg.o(i.syscfg_dma_remap_enable), (16 bytes).
    Removing gd32f3x0_syscfg.o(i.syscfg_exti_line_config), (160 bytes).
    Removing gd32f3x0_syscfg.o(i.syscfg_flag_clear), (16 bytes).
    Removing gd32f3x0_syscfg.o(i.syscfg_flag_get), (24 bytes).
    Removing gd32f3x0_syscfg.o(i.syscfg_high_current_disable), (20 bytes).
    Removing gd32f3x0_syscfg.o(i.syscfg_high_current_enable), (20 bytes).
    Removing gd32f3x0_syscfg.o(i.syscfg_lock_config), (16 bytes).
    Removing gd32f3x0_timer.o(.rev16_text), (4 bytes).
    Removing gd32f3x0_timer.o(.revsh_text), (4 bytes).
    Removing gd32f3x0_timer.o(i.timer_auto_reload_shadow_disable), (10 bytes).
    Removing gd32f3x0_timer.o(i.timer_auto_reload_shadow_enable), (10 bytes).
    Removing gd32f3x0_timer.o(i.timer_automatic_output_disable), (10 bytes).
    Removing gd32f3x0_timer.o(i.timer_automatic_output_enable), (10 bytes).
    Removing gd32f3x0_timer.o(i.timer_autoreload_value_config), (4 bytes).
    Removing gd32f3x0_timer.o(i.timer_break_config), (30 bytes).
    Removing gd32f3x0_timer.o(i.timer_break_disable), (10 bytes).
    Removing gd32f3x0_timer.o(i.timer_break_enable), (10 bytes).
    Removing gd32f3x0_timer.o(i.timer_break_struct_para_init), (18 bytes).
    Removing gd32f3x0_timer.o(i.timer_channel_capture_value_register_read), (42 bytes).
    Removing gd32f3x0_timer.o(i.timer_channel_complementary_output_polarity_config), (92 bytes).
    Removing gd32f3x0_timer.o(i.timer_channel_complementary_output_state_config), (70 bytes).
    Removing gd32f3x0_timer.o(i.timer_channel_control_shadow_config), (24 bytes).
    Removing gd32f3x0_timer.o(i.timer_channel_control_shadow_update_config), (26 bytes).
    Removing gd32f3x0_timer.o(i.timer_channel_dma_request_source_select), (26 bytes).
    Removing gd32f3x0_timer.o(i.timer_channel_input_capture_prescaler_config), (90 bytes).
    Removing gd32f3x0_timer.o(i.timer_channel_input_struct_para_init), (16 bytes).
    Removing gd32f3x0_timer.o(i.timer_channel_output_clear_config), (90 bytes).
    Removing gd32f3x0_timer.o(i.timer_channel_output_config), (520 bytes).
    Removing gd32f3x0_timer.o(i.timer_channel_output_fast_config), (90 bytes).
    Removing gd32f3x0_timer.o(i.timer_channel_output_mode_config), (90 bytes).
    Removing gd32f3x0_timer.o(i.timer_channel_output_polarity_config), (92 bytes).
    Removing gd32f3x0_timer.o(i.timer_channel_output_pulse_value_config), (38 bytes).
    Removing gd32f3x0_timer.o(i.timer_channel_output_shadow_config), (90 bytes).
    Removing gd32f3x0_timer.o(i.timer_channel_output_state_config), (92 bytes).
    Removing gd32f3x0_timer.o(i.timer_channel_output_struct_para_init), (16 bytes).
    Removing gd32f3x0_timer.o(i.timer_channel_remap_config), (4 bytes).
    Removing gd32f3x0_timer.o(i.timer_counter_alignment), (16 bytes).
    Removing gd32f3x0_timer.o(i.timer_counter_down_direction), (10 bytes).
    Removing gd32f3x0_timer.o(i.timer_counter_read), (8 bytes).
    Removing gd32f3x0_timer.o(i.timer_counter_up_direction), (10 bytes).
    Removing gd32f3x0_timer.o(i.timer_counter_value_config), (4 bytes).
    Removing gd32f3x0_timer.o(i.timer_disable), (10 bytes).
    Removing gd32f3x0_timer.o(i.timer_dma_disable), (8 bytes).
    Removing gd32f3x0_timer.o(i.timer_dma_enable), (8 bytes).
    Removing gd32f3x0_timer.o(i.timer_dma_transfer_config), (24 bytes).
    Removing gd32f3x0_timer.o(i.timer_event_software_generate), (8 bytes).
    Removing gd32f3x0_timer.o(i.timer_external_clock_mode0_config), (40 bytes).
    Removing gd32f3x0_timer.o(i.timer_external_clock_mode1_config), (32 bytes).
    Removing gd32f3x0_timer.o(i.timer_external_clock_mode1_disable), (10 bytes).
    Removing gd32f3x0_timer.o(i.timer_external_trigger_as_external_clock_config), (166 bytes).
    Removing gd32f3x0_timer.o(i.timer_external_trigger_config), (30 bytes).
    Removing gd32f3x0_timer.o(i.timer_flag_clear), (6 bytes).
    Removing gd32f3x0_timer.o(i.timer_flag_get), (18 bytes).
    Removing gd32f3x0_timer.o(i.timer_hall_mode_config), (26 bytes).
    Removing gd32f3x0_timer.o(i.timer_input_capture_config), (326 bytes).
    Removing gd32f3x0_timer.o(i.timer_input_pwm_capture_config), (356 bytes).
    Removing gd32f3x0_timer.o(i.timer_input_trigger_source_select), (16 bytes).
    Removing gd32f3x0_timer.o(i.timer_internal_clock_config), (10 bytes).
    Removing gd32f3x0_timer.o(i.timer_internal_trigger_as_external_clock_config), (32 bytes).
    Removing gd32f3x0_timer.o(i.timer_interrupt_disable), (8 bytes).
    Removing gd32f3x0_timer.o(i.timer_master_output_trigger_source_select), (16 bytes).
    Removing gd32f3x0_timer.o(i.timer_master_slave_mode_config), (26 bytes).
    Removing gd32f3x0_timer.o(i.timer_ocpre_clear_source_config), (26 bytes).
    Removing gd32f3x0_timer.o(i.timer_output_value_selection_config), (34 bytes).
    Removing gd32f3x0_timer.o(i.timer_prescaler_config), (14 bytes).
    Removing gd32f3x0_timer.o(i.timer_prescaler_read), (10 bytes).
    Removing gd32f3x0_timer.o(i.timer_primary_output_config), (24 bytes).
    Removing gd32f3x0_timer.o(i.timer_quadrature_decoder_mode_config), (64 bytes).
    Removing gd32f3x0_timer.o(i.timer_repetition_value_config), (4 bytes).
    Removing gd32f3x0_timer.o(i.timer_single_pulse_mode_config), (26 bytes).
    Removing gd32f3x0_timer.o(i.timer_slave_mode_select), (16 bytes).
    Removing gd32f3x0_timer.o(i.timer_update_event_disable), (10 bytes).
    Removing gd32f3x0_timer.o(i.timer_update_event_enable), (10 bytes).
    Removing gd32f3x0_timer.o(i.timer_update_source_config), (26 bytes).
    Removing gd32f3x0_timer.o(i.timer_write_chxval_register_config), (34 bytes).
    Removing gd32f3x0_usart.o(.rev16_text), (4 bytes).
    Removing gd32f3x0_usart.o(.revsh_text), (4 bytes).
    Removing gd32f3x0_usart.o(i.usart_address_config), (32 bytes).
    Removing gd32f3x0_usart.o(i.usart_address_detection_mode_config), (28 bytes).
    Removing gd32f3x0_usart.o(i.usart_block_length_config), (24 bytes).
    Removing gd32f3x0_usart.o(i.usart_clock_disable), (18 bytes).
    Removing gd32f3x0_usart.o(i.usart_clock_enable), (18 bytes).
    Removing gd32f3x0_usart.o(i.usart_command_enable), (8 bytes).
    Removing gd32f3x0_usart.o(i.usart_data_first_config), (24 bytes).
    Removing gd32f3x0_usart.o(i.usart_data_receive), (10 bytes).
    Removing gd32f3x0_usart.o(i.usart_depolarity_config), (28 bytes).
    Removing gd32f3x0_usart.o(i.usart_disable), (10 bytes).
    Removing gd32f3x0_usart.o(i.usart_dma_receive_config), (20 bytes).
    Removing gd32f3x0_usart.o(i.usart_dma_transmit_config), (20 bytes).
    Removing gd32f3x0_usart.o(i.usart_driver_assertime_config), (32 bytes).
    Removing gd32f3x0_usart.o(i.usart_driver_deassertime_config), (32 bytes).
    Removing gd32f3x0_usart.o(i.usart_flag_clear), (18 bytes).
    Removing gd32f3x0_usart.o(i.usart_guard_time_config), (32 bytes).
    Removing gd32f3x0_usart.o(i.usart_halfduplex_disable), (18 bytes).
    Removing gd32f3x0_usart.o(i.usart_halfduplex_enable), (18 bytes).
    Removing gd32f3x0_usart.o(i.usart_hardware_flow_cts_config), (24 bytes).
    Removing gd32f3x0_usart.o(i.usart_hardware_flow_rts_config), (24 bytes).
    Removing gd32f3x0_usart.o(i.usart_interrupt_disable), (26 bytes).
    Removing gd32f3x0_usart.o(i.usart_interrupt_enable), (26 bytes).
    Removing gd32f3x0_usart.o(i.usart_interrupt_flag_clear), (44 bytes).
    Removing gd32f3x0_usart.o(i.usart_interrupt_flag_get), (58 bytes).
    Removing gd32f3x0_usart.o(i.usart_invert_config), (110 bytes).
    Removing gd32f3x0_usart.o(i.usart_irda_lowpower_config), (28 bytes).
    Removing gd32f3x0_usart.o(i.usart_irda_mode_disable), (18 bytes).
    Removing gd32f3x0_usart.o(i.usart_irda_mode_enable), (18 bytes).
    Removing gd32f3x0_usart.o(i.usart_lin_break_detection_length_config), (28 bytes).
    Removing gd32f3x0_usart.o(i.usart_lin_mode_disable), (18 bytes).
    Removing gd32f3x0_usart.o(i.usart_lin_mode_enable), (18 bytes).
    Removing gd32f3x0_usart.o(i.usart_mute_mode_disable), (10 bytes).
    Removing gd32f3x0_usart.o(i.usart_mute_mode_enable), (10 bytes).
    Removing gd32f3x0_usart.o(i.usart_mute_mode_wakeup_config), (24 bytes).
    Removing gd32f3x0_usart.o(i.usart_overrun_disable), (18 bytes).
    Removing gd32f3x0_usart.o(i.usart_overrun_enable), (18 bytes).
    Removing gd32f3x0_usart.o(i.usart_oversample_config), (24 bytes).
    Removing gd32f3x0_usart.o(i.usart_prescaler_config), (24 bytes).
    Removing gd32f3x0_usart.o(i.usart_receive_fifo_counter_number), (12 bytes).
    Removing gd32f3x0_usart.o(i.usart_receive_fifo_disable), (14 bytes).
    Removing gd32f3x0_usart.o(i.usart_receive_fifo_enable), (14 bytes).
    Removing gd32f3x0_usart.o(i.usart_receiver_timeout_disable), (10 bytes).
    Removing gd32f3x0_usart.o(i.usart_receiver_timeout_enable), (10 bytes).
    Removing gd32f3x0_usart.o(i.usart_receiver_timeout_threshold_config), (16 bytes).
    Removing gd32f3x0_usart.o(i.usart_reception_error_dma_disable), (18 bytes).
    Removing gd32f3x0_usart.o(i.usart_reception_error_dma_enable), (18 bytes).
    Removing gd32f3x0_usart.o(i.usart_rs485_driver_disable), (18 bytes).
    Removing gd32f3x0_usart.o(i.usart_rs485_driver_enable), (18 bytes).
    Removing gd32f3x0_usart.o(i.usart_sample_bit_config), (24 bytes).
    Removing gd32f3x0_usart.o(i.usart_smartcard_autoretry_config), (32 bytes).
    Removing gd32f3x0_usart.o(i.usart_smartcard_mode_disable), (18 bytes).
    Removing gd32f3x0_usart.o(i.usart_smartcard_mode_early_nack_disable), (14 bytes).
    Removing gd32f3x0_usart.o(i.usart_smartcard_mode_early_nack_enable), (14 bytes).
    Removing gd32f3x0_usart.o(i.usart_smartcard_mode_enable), (18 bytes).
    Removing gd32f3x0_usart.o(i.usart_smartcard_mode_nack_disable), (18 bytes).
    Removing gd32f3x0_usart.o(i.usart_smartcard_mode_nack_enable), (18 bytes).
    Removing gd32f3x0_usart.o(i.usart_synchronous_clock_config), (50 bytes).
    Removing gd32f3x0_usart.o(i.usart_wakeup_disable), (10 bytes).
    Removing gd32f3x0_usart.o(i.usart_wakeup_enable), (10 bytes).
    Removing gd32f3x0_usart.o(i.usart_wakeup_mode_config), (28 bytes).
    Removing gd32f3x0_wwdgt.o(.rev16_text), (4 bytes).
    Removing gd32f3x0_wwdgt.o(.revsh_text), (4 bytes).
    Removing gd32f3x0_wwdgt.o(i.wwdgt_config), (28 bytes).
    Removing gd32f3x0_wwdgt.o(i.wwdgt_counter_update), (16 bytes).
    Removing gd32f3x0_wwdgt.o(i.wwdgt_deinit), (20 bytes).
    Removing gd32f3x0_wwdgt.o(i.wwdgt_enable), (20 bytes).
    Removing gd32f3x0_wwdgt.o(i.wwdgt_flag_clear), (12 bytes).
    Removing gd32f3x0_wwdgt.o(i.wwdgt_flag_get), (20 bytes).
    Removing gd32f3x0_wwdgt.o(i.wwdgt_interrupt_enable), (20 bytes).
    Removing startup_gd32f3x0.o(HEAP), (1024 bytes).
    Removing gd32f350r_eval.o(.rev16_text), (4 bytes).
    Removing gd32f350r_eval.o(.revsh_text), (4 bytes).
    Removing gd32f350r_eval.o(i.gd_eval_com_init), (192 bytes).
    Removing gd32f350r_eval.o(i.gd_eval_key_init), (128 bytes).
    Removing gd32f350r_eval.o(i.gd_eval_key_state_get), (32 bytes).
    Removing gd32f350r_eval.o(i.gd_eval_led_init), (84 bytes).
    Removing gd32f350r_eval.o(i.gd_eval_led_off), (24 bytes).
    Removing gd32f350r_eval.o(i.gd_eval_led_on), (24 bytes).
    Removing gd32f350r_eval.o(i.gd_eval_led_toggle), (24 bytes).
    Removing gd32f350r_eval.o(.data), (105 bytes).

547 unused section(s) (total 21981 bytes) removed from the image.

==============================================================================

Image Symbol Table

    Local Symbols

    Symbol Name                              Value     Ov Type        Size  Object(Section)

    ../clib/microlib/division.c              0x00000000   Number         0  uidiv.o ABSOLUTE
    ../clib/microlib/division.c              0x00000000   Number         0  uldiv.o ABSOLUTE
    ../clib/microlib/errno.c                 0x00000000   Number         0  errno.o ABSOLUTE
    ../clib/microlib/init/entry.s            0x00000000   Number         0  entry11b.o ABSOLUTE
    ../clib/microlib/init/entry.s            0x00000000   Number         0  entry7a.o ABSOLUTE
    ../clib/microlib/init/entry.s            0x00000000   Number         0  entry11a.o ABSOLUTE
    ../clib/microlib/init/entry.s            0x00000000   Number         0  entry10b.o ABSOLUTE
    ../clib/microlib/init/entry.s            0x00000000   Number         0  entry5.o ABSOLUTE
    ../clib/microlib/init/entry.s            0x00000000   Number         0  entry10a.o ABSOLUTE
    ../clib/microlib/init/entry.s            0x00000000   Number         0  entry2.o ABSOLUTE
    ../clib/microlib/init/entry.s            0x00000000   Number         0  entry9b.o ABSOLUTE
    ../clib/microlib/init/entry.s            0x00000000   Number         0  entry.o ABSOLUTE
    ../clib/microlib/init/entry.s            0x00000000   Number         0  entry9a.o ABSOLUTE
    ../clib/microlib/init/entry.s            0x00000000   Number         0  entry8a.o ABSOLUTE
    ../clib/microlib/init/entry.s            0x00000000   Number         0  entry7b.o ABSOLUTE
    ../clib/microlib/init/entry.s            0x00000000   Number         0  entry8b.o ABSOLUTE
    ../clib/microlib/longlong.c              0x00000000   Number         0  llsshr.o ABSOLUTE
    ../clib/microlib/longlong.c              0x00000000   Number         0  llushr.o ABSOLUTE
    ../clib/microlib/longlong.c              0x00000000   Number         0  llshl.o ABSOLUTE
    ../clib/microlib/printf/printf.c         0x00000000   Number         0  printf7.o ABSOLUTE
    ../clib/microlib/printf/printf.c         0x00000000   Number         0  printfa.o ABSOLUTE
    ../clib/microlib/printf/printf.c         0x00000000   Number         0  printf1.o ABSOLUTE
    ../clib/microlib/printf/printf.c         0x00000000   Number         0  printf8.o ABSOLUTE
    ../clib/microlib/printf/printf.c         0x00000000   Number         0  printf0.o ABSOLUTE
    ../clib/microlib/printf/printf.c         0x00000000   Number         0  printfb.o ABSOLUTE
    ../clib/microlib/printf/printf.c         0x00000000   Number         0  printf2.o ABSOLUTE
    ../clib/microlib/printf/printf.c         0x00000000   Number         0  printf3.o ABSOLUTE
    ../clib/microlib/printf/printf.c         0x00000000   Number         0  printf4.o ABSOLUTE
    ../clib/microlib/printf/printf.c         0x00000000   Number         0  printf5.o ABSOLUTE
    ../clib/microlib/printf/printf.c         0x00000000   Number         0  printf6.o ABSOLUTE
    ../clib/microlib/printf/stubs.s          0x00000000   Number         0  stubs.o ABSOLUTE
    ../clib/microlib/stdio/streams.c         0x00000000   Number         0  stdout.o ABSOLUTE
    ../clib/microlib/string/memcpy.c         0x00000000   Number         0  memcpya.o ABSOLUTE
    ../clib/microlib/string/memcpy.c         0x00000000   Number         0  memcpyb.o ABSOLUTE
    ../clib/microlib/string/memset.c         0x00000000   Number         0  memseta.o ABSOLUTE
    ../clib/microlib/string/strlen.c         0x00000000   Number         0  strlen.o ABSOLUTE
    ../clib/microlib/stubs.s                 0x00000000   Number         0  iusefp.o ABSOLUTE
    ../fplib/microlib/f2d.c                  0x00000000   Number         0  f2d.o ABSOLUTE
    ../fplib/microlib/fpadd.c                0x00000000   Number         0  dadd.o ABSOLUTE
    ../fplib/microlib/fpdiv.c                0x00000000   Number         0  ddiv.o ABSOLUTE
    ../fplib/microlib/fpepilogue.c           0x00000000   Number         0  depilogue.o ABSOLUTE
    ../fplib/microlib/fpfix.c                0x00000000   Number         0  dfixul.o ABSOLUTE
    ../fplib/microlib/fpmul.c                0x00000000   Number         0  dmul.o ABSOLUTE
    ../mathlib/atan2f.c                      0x00000000   Number         0  atan2f.o ABSOLUTE
    ../mathlib/atan2f.c                      0x00000000   Number         0  atan2f_x.o ABSOLUTE
    ../mathlib/cosf.c                        0x00000000   Number         0  cosf.o ABSOLUTE
    ../mathlib/cosf.c                        0x00000000   Number         0  cosf_x.o ABSOLUTE
    ../mathlib/fpclassifyf.c                 0x00000000   Number         0  fpclassifyf.o ABSOLUTE
    ../mathlib/funder.c                      0x00000000   Number         0  funder.o ABSOLUTE
    ../mathlib/rredf.c                       0x00000000   Number         0  rredf.o ABSOLUTE
    ../mathlib/sinf.c                        0x00000000   Number         0  sinf.o ABSOLUTE
    ../mathlib/sinf.c                        0x00000000   Number         0  sinf_x.o ABSOLUTE
    ../mathlib/sqrtf.c                       0x00000000   Number         0  sqrtf_x.o ABSOLUTE
    ../mathlib/sqrtf.c                       0x00000000   Number         0  sqrtf.o ABSOLUTE
    ..\..\Firmware\CMSIS\GD\GD32F3x0\Source\ARM\startup_gd32f3x0.s 0x00000000   Number         0  startup_gd32f3x0.o ABSOLUTE
    ..\..\Firmware\CMSIS\GD\GD32F3x0\Source\system_gd32f3x0.c 0x00000000   Number         0  system_gd32f3x0.o ABSOLUTE
    ..\..\Firmware\GD32F3x0_standard_peripheral\Source\gd32f3x0_adc.c 0x00000000   Number         0  gd32f3x0_adc.o ABSOLUTE
    ..\..\Firmware\GD32F3x0_standard_peripheral\Source\gd32f3x0_cec.c 0x00000000   Number         0  gd32f3x0_cec.o ABSOLUTE
    ..\..\Firmware\GD32F3x0_standard_peripheral\Source\gd32f3x0_cmp.c 0x00000000   Number         0  gd32f3x0_cmp.o ABSOLUTE
    ..\..\Firmware\GD32F3x0_standard_peripheral\Source\gd32f3x0_crc.c 0x00000000   Number         0  gd32f3x0_crc.o ABSOLUTE
    ..\..\Firmware\GD32F3x0_standard_peripheral\Source\gd32f3x0_ctc.c 0x00000000   Number         0  gd32f3x0_ctc.o ABSOLUTE
    ..\..\Firmware\GD32F3x0_standard_peripheral\Source\gd32f3x0_dac.c 0x00000000   Number         0  gd32f3x0_dac.o ABSOLUTE
    ..\..\Firmware\GD32F3x0_standard_peripheral\Source\gd32f3x0_dbg.c 0x00000000   Number         0  gd32f3x0_dbg.o ABSOLUTE
    ..\..\Firmware\GD32F3x0_standard_peripheral\Source\gd32f3x0_dma.c 0x00000000   Number         0  gd32f3x0_dma.o ABSOLUTE
    ..\..\Firmware\GD32F3x0_standard_peripheral\Source\gd32f3x0_exti.c 0x00000000   Number         0  gd32f3x0_exti.o ABSOLUTE
    ..\..\Firmware\GD32F3x0_standard_peripheral\Source\gd32f3x0_fmc.c 0x00000000   Number         0  gd32f3x0_fmc.o ABSOLUTE
    ..\..\Firmware\GD32F3x0_standard_peripheral\Source\gd32f3x0_fwdgt.c 0x00000000   Number         0  gd32f3x0_fwdgt.o ABSOLUTE
    ..\..\Firmware\GD32F3x0_standard_peripheral\Source\gd32f3x0_gpio.c 0x00000000   Number         0  gd32f3x0_gpio.o ABSOLUTE
    ..\..\Firmware\GD32F3x0_standard_peripheral\Source\gd32f3x0_i2c.c 0x00000000   Number         0  gd32f3x0_i2c.o ABSOLUTE
    ..\..\Firmware\GD32F3x0_standard_peripheral\Source\gd32f3x0_misc.c 0x00000000   Number         0  gd32f3x0_misc.o ABSOLUTE
    ..\..\Firmware\GD32F3x0_standard_peripheral\Source\gd32f3x0_pmu.c 0x00000000   Number         0  gd32f3x0_pmu.o ABSOLUTE
    ..\..\Firmware\GD32F3x0_standard_peripheral\Source\gd32f3x0_rcu.c 0x00000000   Number         0  gd32f3x0_rcu.o ABSOLUTE
    ..\..\Firmware\GD32F3x0_standard_peripheral\Source\gd32f3x0_rtc.c 0x00000000   Number         0  gd32f3x0_rtc.o ABSOLUTE
    ..\..\Firmware\GD32F3x0_standard_peripheral\Source\gd32f3x0_spi.c 0x00000000   Number         0  gd32f3x0_spi.o ABSOLUTE
    ..\..\Firmware\GD32F3x0_standard_peripheral\Source\gd32f3x0_syscfg.c 0x00000000   Number         0  gd32f3x0_syscfg.o ABSOLUTE
    ..\..\Firmware\GD32F3x0_standard_peripheral\Source\gd32f3x0_timer.c 0x00000000   Number         0  gd32f3x0_timer.o ABSOLUTE
    ..\..\Firmware\GD32F3x0_standard_peripheral\Source\gd32f3x0_tsi.c 0x00000000   Number         0  gd32f3x0_tsi.o ABSOLUTE
    ..\..\Firmware\GD32F3x0_standard_peripheral\Source\gd32f3x0_usart.c 0x00000000   Number         0  gd32f3x0_usart.o ABSOLUTE
    ..\..\Firmware\GD32F3x0_standard_peripheral\Source\gd32f3x0_wwdgt.c 0x00000000   Number         0  gd32f3x0_wwdgt.o ABSOLUTE
    ..\..\Utilities\gd32f350r_eval.c         0x00000000   Number         0  gd32f350r_eval.o ABSOLUTE
    ..\\..\\Firmware\\CMSIS\\GD\\GD32F3x0\\Source\\system_gd32f3x0.c 0x00000000   Number         0  system_gd32f3x0.o ABSOLUTE
    ..\\..\\Firmware\\GD32F3x0_standard_peripheral\\Source\\gd32f3x0_adc.c 0x00000000   Number         0  gd32f3x0_adc.o ABSOLUTE
    ..\\..\\Firmware\\GD32F3x0_standard_peripheral\\Source\\gd32f3x0_cmp.c 0x00000000   Number         0  gd32f3x0_cmp.o ABSOLUTE
    ..\\..\\Firmware\\GD32F3x0_standard_peripheral\\Source\\gd32f3x0_crc.c 0x00000000   Number         0  gd32f3x0_crc.o ABSOLUTE
    ..\\..\\Firmware\\GD32F3x0_standard_peripheral\\Source\\gd32f3x0_ctc.c 0x00000000   Number         0  gd32f3x0_ctc.o ABSOLUTE
    ..\\..\\Firmware\\GD32F3x0_standard_peripheral\\Source\\gd32f3x0_dbg.c 0x00000000   Number         0  gd32f3x0_dbg.o ABSOLUTE
    ..\\..\\Firmware\\GD32F3x0_standard_peripheral\\Source\\gd32f3x0_dma.c 0x00000000   Number         0  gd32f3x0_dma.o ABSOLUTE
    ..\\..\\Firmware\\GD32F3x0_standard_peripheral\\Source\\gd32f3x0_exti.c 0x00000000   Number         0  gd32f3x0_exti.o ABSOLUTE
    ..\\..\\Firmware\\GD32F3x0_standard_peripheral\\Source\\gd32f3x0_fmc.c 0x00000000   Number         0  gd32f3x0_fmc.o ABSOLUTE
    ..\\..\\Firmware\\GD32F3x0_standard_peripheral\\Source\\gd32f3x0_fwdgt.c 0x00000000   Number         0  gd32f3x0_fwdgt.o ABSOLUTE
    ..\\..\\Firmware\\GD32F3x0_standard_peripheral\\Source\\gd32f3x0_gpio.c 0x00000000   Number         0  gd32f3x0_gpio.o ABSOLUTE
    ..\\..\\Firmware\\GD32F3x0_standard_peripheral\\Source\\gd32f3x0_i2c.c 0x00000000   Number         0  gd32f3x0_i2c.o ABSOLUTE
    ..\\..\\Firmware\\GD32F3x0_standard_peripheral\\Source\\gd32f3x0_misc.c 0x00000000   Number         0  gd32f3x0_misc.o ABSOLUTE
    ..\\..\\Firmware\\GD32F3x0_standard_peripheral\\Source\\gd32f3x0_pmu.c 0x00000000   Number         0  gd32f3x0_pmu.o ABSOLUTE
    ..\\..\\Firmware\\GD32F3x0_standard_peripheral\\Source\\gd32f3x0_rcu.c 0x00000000   Number         0  gd32f3x0_rcu.o ABSOLUTE
    ..\\..\\Firmware\\GD32F3x0_standard_peripheral\\Source\\gd32f3x0_rtc.c 0x00000000   Number         0  gd32f3x0_rtc.o ABSOLUTE
    ..\\..\\Firmware\\GD32F3x0_standard_peripheral\\Source\\gd32f3x0_spi.c 0x00000000   Number         0  gd32f3x0_spi.o ABSOLUTE
    ..\\..\\Firmware\\GD32F3x0_standard_peripheral\\Source\\gd32f3x0_syscfg.c 0x00000000   Number         0  gd32f3x0_syscfg.o ABSOLUTE
    ..\\..\\Firmware\\GD32F3x0_standard_peripheral\\Source\\gd32f3x0_timer.c 0x00000000   Number         0  gd32f3x0_timer.o ABSOLUTE
    ..\\..\\Firmware\\GD32F3x0_standard_peripheral\\Source\\gd32f3x0_usart.c 0x00000000   Number         0  gd32f3x0_usart.o ABSOLUTE
    ..\\..\\Firmware\\GD32F3x0_standard_peripheral\\Source\\gd32f3x0_wwdgt.c 0x00000000   Number         0  gd32f3x0_wwdgt.o ABSOLUTE
    ..\\..\\Utilities\\gd32f350r_eval.c      0x00000000   Number         0  gd32f350r_eval.o ABSOLUTE
    ..\\gd32f3x0_it.c                        0x00000000   Number         0  gd32f3x0_it.o ABSOLUTE
    ..\\main.c                               0x00000000   Number         0  main.o ABSOLUTE
    ..\\systick.c                            0x00000000   Number         0  systick.o ABSOLUTE
    ..\gd32f3x0_it.c                         0x00000000   Number         0  gd32f3x0_it.o ABSOLUTE
    ..\main.c                                0x00000000   Number         0  main.o ABSOLUTE
    ..\systick.c                             0x00000000   Number         0  systick.o ABSOLUTE
    cdrcmple.s                               0x00000000   Number         0  cdrcmple.o ABSOLUTE
    dc.s                                     0x00000000   Number         0  dc.o ABSOLUTE
    handlers.s                               0x00000000   Number         0  handlers.o ABSOLUTE
    init.s                                   0x00000000   Number         0  init.o ABSOLUTE
    RESET                                    0x08000000   Section      336  startup_gd32f3x0.o(RESET)
    .ARM.Collect$$$$00000000                 0x08000150   Section        0  entry.o(.ARM.Collect$$$$00000000)
    .ARM.Collect$$$$00000001                 0x08000150   Section        4  entry2.o(.ARM.Collect$$$$00000001)
    .ARM.Collect$$$$00000004                 0x08000154   Section        4  entry5.o(.ARM.Collect$$$$00000004)
    .ARM.Collect$$$$00000008                 0x08000158   Section        0  entry7b.o(.ARM.Collect$$$$00000008)
    .ARM.Collect$$$$0000000A                 0x08000158   Section        0  entry8b.o(.ARM.Collect$$$$0000000A)
    .ARM.Collect$$$$0000000B                 0x08000158   Section        8  entry9a.o(.ARM.Collect$$$$0000000B)
    .ARM.Collect$$$$0000000D                 0x08000160   Section        0  entry10a.o(.ARM.Collect$$$$0000000D)
    .ARM.Collect$$$$0000000F                 0x08000160   Section        0  entry11a.o(.ARM.Collect$$$$0000000F)
    .ARM.Collect$$$$00002712                 0x08000160   Section        4  entry2.o(.ARM.Collect$$$$00002712)
    __lit__00000000                          0x08000160   Data           4  entry2.o(.ARM.Collect$$$$00002712)
    .text                                    0x08000164   Section       36  startup_gd32f3x0.o(.text)
    $v0                                      0x08000164   Number         0  startup_gd32f3x0.o(.text)
    .text                                    0x08000188   Section        0  memcpya.o(.text)
    .text                                    0x080001ac   Section        0  f2d.o(.text)
    .text                                    0x080001d2   Section        0  uidiv.o(.text)
    .text                                    0x080001fe   Section        0  uldiv.o(.text)
    .text                                    0x08000260   Section        0  iusefp.o(.text)
    .text                                    0x08000260   Section        0  dadd.o(.text)
    .text                                    0x080003ae   Section        0  dmul.o(.text)
    .text                                    0x08000492   Section        0  ddiv.o(.text)
    .text                                    0x08000570   Section        0  dfixul.o(.text)
    .text                                    0x080005a0   Section       48  cdrcmple.o(.text)
    .text                                    0x080005d0   Section       36  init.o(.text)
    .text                                    0x080005f4   Section        0  llshl.o(.text)
    .text                                    0x08000612   Section        0  llushr.o(.text)
    .text                                    0x08000632   Section        0  llsshr.o(.text)
    .text                                    0x08000656   Section        0  depilogue.o(.text)
    i.BusFault_Handler                       0x08000710   Section        0  gd32f3x0_it.o(i.BusFault_Handler)
    i.DebugMon_Handler                       0x08000714   Section        0  gd32f3x0_it.o(i.DebugMon_Handler)
    i.HardFault_Handler                      0x08000718   Section        0  gd32f3x0_it.o(i.HardFault_Handler)
    i.MemManage_Handler                      0x0800071c   Section        0  gd32f3x0_it.o(i.MemManage_Handler)
    i.NMI_Handler                            0x08000720   Section        0  gd32f3x0_it.o(i.NMI_Handler)
    i.NVIC_SetPriority                       0x08000724   Section        0  systick.o(i.NVIC_SetPriority)
    NVIC_SetPriority                         0x08000725   Thumb Code    32  systick.o(i.NVIC_SetPriority)
    i.PendSV_Handler                         0x0800074c   Section        0  gd32f3x0_it.o(i.PendSV_Handler)
    i.SVC_Handler                            0x08000750   Section        0  gd32f3x0_it.o(i.SVC_Handler)
    i.SysTick_Handler                        0x08000754   Section        0  gd32f3x0_it.o(i.SysTick_Handler)
    i.SystemInit                             0x0800075c   Section        0  system_gd32f3x0.o(i.SystemInit)
    i.TIMER1_IRQHandler                      0x08000a0c   Section        0  gd32f3x0_it.o(i.TIMER1_IRQHandler)
    i.UsageFault_Handler                     0x08000a30   Section        0  gd32f3x0_it.o(i.UsageFault_Handler)
    i.__0printf                              0x08000a34   Section        0  printfa.o(i.__0printf)
    i.__ARM_fpclassifyf                      0x08000a54   Section        0  fpclassifyf.o(i.__ARM_fpclassifyf)
    i.__ARM_isnanf                           0x08000a7a   Section        0  main.o(i.__ARM_isnanf)
    __ARM_isnanf                             0x08000a7b   Thumb Code    14  main.o(i.__ARM_isnanf)
    i.__hardfp_atan2f                        0x08000a88   Section        0  atan2f.o(i.__hardfp_atan2f)
    i.__hardfp_cosf                          0x08000cd8   Section        0  cosf.o(i.__hardfp_cosf)
    i.__hardfp_sinf                          0x08000e28   Section        0  sinf.o(i.__hardfp_sinf)
    i.__hardfp_sqrtf                         0x08000fb8   Section        0  sqrtf.o(i.__hardfp_sqrtf)
    i.__mathlib_flt_infnan                   0x08000ff2   Section        0  funder.o(i.__mathlib_flt_infnan)
    i.__mathlib_flt_infnan2                  0x08000ff8   Section        0  funder.o(i.__mathlib_flt_infnan2)
    i.__mathlib_flt_invalid                  0x08001000   Section        0  funder.o(i.__mathlib_flt_invalid)
    i.__mathlib_flt_underflow                0x08001010   Section        0  funder.o(i.__mathlib_flt_underflow)
    i.__mathlib_rredf2                       0x08001020   Section        0  rredf.o(i.__mathlib_rredf2)
    i.__scatterload_copy                     0x08001174   Section       14  handlers.o(i.__scatterload_copy)
    i.__scatterload_null                     0x08001182   Section        2  handlers.o(i.__scatterload_null)
    i.__scatterload_zeroinit                 0x08001184   Section       14  handlers.o(i.__scatterload_zeroinit)
    i.__set_errno                            0x08001194   Section        0  errno.o(i.__set_errno)
    i._fp_digits                             0x080011a0   Section        0  printfa.o(i._fp_digits)
    _fp_digits                               0x080011a1   Thumb Code   366  printfa.o(i._fp_digits)
    i._printf_core                           0x08001324   Section        0  printfa.o(i._printf_core)
    _printf_core                             0x08001325   Thumb Code  1744  printfa.o(i._printf_core)
    i._printf_post_padding                   0x08001a00   Section        0  printfa.o(i._printf_post_padding)
    _printf_post_padding                     0x08001a01   Thumb Code    36  printfa.o(i._printf_post_padding)
    i._printf_pre_padding                    0x08001a24   Section        0  printfa.o(i._printf_pre_padding)
    _printf_pre_padding                      0x08001a25   Thumb Code    46  printfa.o(i._printf_pre_padding)
    i._soft_delay_                           0x08001a52   Section        0  system_gd32f3x0.o(i._soft_delay_)
    _soft_delay_                             0x08001a53   Thumb Code    28  system_gd32f3x0.o(i._soft_delay_)
    i.attitude_calc_6axis                    0x08001a70   Section        0  main.o(i.attitude_calc_6axis)
    i.attitude_calc_9axis                    0x080020f8   Section        0  main.o(i.attitude_calc_9axis)
    i.com_usart_init                         0x08002258   Section        0  main.o(i.com_usart_init)
    i.delay_1ms                              0x0800230c   Section        0  systick.o(i.delay_1ms)
    i.delay_decrement                        0x08002320   Section        0  systick.o(i.delay_decrement)
    i.delay_us                               0x08002338   Section        0  systick.o(i.delay_us)
    i.euler_to_quat                          0x08002364   Section        0  main.o(i.euler_to_quat)
    euler_to_quat                            0x08002365   Thumb Code   242  main.o(i.euler_to_quat)
    i.flash_read                             0x08002460   Section        0  main.o(i.flash_read)
    i.fputc                                  0x08002474   Section        0  gd32f350r_eval.o(i.fputc)
    i.gpio_af_set                            0x0800249c   Section        0  gd32f3x0_gpio.o(i.gpio_af_set)
    i.gpio_bit_reset                         0x080024fa   Section        0  gd32f3x0_gpio.o(i.gpio_bit_reset)
    i.gpio_bit_set                           0x080024fe   Section        0  gd32f3x0_gpio.o(i.gpio_bit_set)
    i.gpio_config                            0x08002502   Section        0  main.o(i.gpio_config)
    i.gpio_input_bit_get                     0x08002556   Section        0  gd32f3x0_gpio.o(i.gpio_input_bit_get)
    i.gpio_mode_set                          0x08002568   Section        0  gd32f3x0_gpio.o(i.gpio_mode_set)
    i.gpio_output_options_set                0x080025b6   Section        0  gd32f3x0_gpio.o(i.gpio_output_options_set)
    i.i2c_config                             0x08002632   Section        0  main.o(i.i2c_config)
    i.i2c_reg_read                           0x0800263a   Section        0  main.o(i.i2c_reg_read)
    i.i2c_reg_read_multi                     0x0800267c   Section        0  main.o(i.i2c_reg_read_multi)
    i.i2c_reg_write                          0x080026dc   Section        0  main.o(i.i2c_reg_write)
    i.icm42670_get_raw_data                  0x0800270c   Section        0  main.o(i.icm42670_get_raw_data)
    i.icm42670_init                          0x08002858   Section        0  main.o(i.icm42670_init)
    i.imu_main_loop                          0x080028b0   Section        0  main.o(i.imu_main_loop)
    i.imu_system_init                        0x080029cc   Section        0  main.o(i.imu_system_init)
    i.load_install_zero_point                0x080029dc   Section        0  main.o(i.load_install_zero_point)
    i.mag_disturb_detect                     0x08002ad4   Section        0  main.o(i.mag_disturb_detect)
    i.main                                   0x08002b24   Section        0  main.o(i.main)
    i.nvic_irq_enable                        0x08002c34   Section        0  gd32f3x0_misc.o(i.nvic_irq_enable)
    i.nvic_priority_group_set                0x08002d3c   Section        0  gd32f3x0_misc.o(i.nvic_priority_group_set)
    i.nvic_vector_table_set                  0x08002d50   Section        0  gd32f3x0_misc.o(i.nvic_vector_table_set)
    i.qmc5883p_get_raw_data                  0x08002d68   Section        0  main.o(i.qmc5883p_get_raw_data)
    i.qmc5883p_init                          0x08002e14   Section        0  main.o(i.qmc5883p_init)
    i.quat_normalize                         0x08002e34   Section        0  main.o(i.quat_normalize)
    quat_normalize                           0x08002e35   Thumb Code   134  main.o(i.quat_normalize)
    i.rcu_clock_freq_get                     0x08002ec4   Section        0  gd32f3x0_rcu.o(i.rcu_clock_freq_get)
    i.rcu_config                             0x08003160   Section        0  main.o(i.rcu_config)
    i.rcu_periph_clock_enable                0x0800316c   Section        0  gd32f3x0_rcu.o(i.rcu_periph_clock_enable)
    i.rcu_periph_reset_disable               0x0800318c   Section        0  gd32f3x0_rcu.o(i.rcu_periph_reset_disable)
    i.rcu_periph_reset_enable                0x080031ac   Section        0  gd32f3x0_rcu.o(i.rcu_periph_reset_enable)
    i.soft_i2c_init                          0x080031cc   Section        0  main.o(i.soft_i2c_init)
    i.soft_i2c_read_byte                     0x0800320e   Section        0  main.o(i.soft_i2c_read_byte)
    i.soft_i2c_send_byte                     0x080032b6   Section        0  main.o(i.soft_i2c_send_byte)
    i.soft_i2c_start                         0x08003362   Section        0  main.o(i.soft_i2c_start)
    i.soft_i2c_stop                          0x080033a0   Section        0  main.o(i.soft_i2c_stop)
    i.system_clock_84m_irc8m                 0x080033d0   Section        0  system_gd32f3x0.o(i.system_clock_84m_irc8m)
    system_clock_84m_irc8m                   0x080033d1   Thumb Code   138  system_gd32f3x0.o(i.system_clock_84m_irc8m)
    i.system_clock_config                    0x08003468   Section        0  system_gd32f3x0.o(i.system_clock_config)
    system_clock_config                      0x08003469   Thumb Code     8  system_gd32f3x0.o(i.system_clock_config)
    i.systick_config                         0x08003470   Section        0  systick.o(i.systick_config)
    i.timer_config                           0x080034c0   Section        0  main.o(i.timer_config)
    i.timer_deinit                           0x08003520   Section        0  gd32f3x0_timer.o(i.timer_deinit)
    i.timer_enable                           0x080035e4   Section        0  gd32f3x0_timer.o(i.timer_enable)
    i.timer_init                             0x080035f0   Section        0  gd32f3x0_timer.o(i.timer_init)
    i.timer_interrupt_enable                 0x0800369c   Section        0  gd32f3x0_timer.o(i.timer_interrupt_enable)
    i.timer_interrupt_flag_clear             0x080036a4   Section        0  gd32f3x0_timer.o(i.timer_interrupt_flag_clear)
    i.timer_interrupt_flag_get               0x080036aa   Section        0  gd32f3x0_timer.o(i.timer_interrupt_flag_get)
    i.timer_struct_para_init                 0x080036c6   Section        0  gd32f3x0_timer.o(i.timer_struct_para_init)
    i.update_day_night_mode                  0x080036dc   Section        0  main.o(i.update_day_night_mode)
    i.usart_baudrate_set                     0x080036f8   Section        0  gd32f3x0_usart.o(i.usart_baudrate_set)
    i.usart_data_transmit                    0x08003774   Section        0  gd32f3x0_usart.o(i.usart_data_transmit)
    i.usart_deinit                           0x0800377c   Section        0  gd32f3x0_usart.o(i.usart_deinit)
    i.usart_enable                           0x080037bc   Section        0  gd32f3x0_usart.o(i.usart_enable)
    i.usart_flag_get                         0x080037c6   Section        0  gd32f3x0_usart.o(i.usart_flag_get)
    i.usart_parity_config                    0x080037e6   Section        0  gd32f3x0_usart.o(i.usart_parity_config)
    i.usart_receive_config                   0x080037fe   Section        0  gd32f3x0_usart.o(i.usart_receive_config)
    i.usart_stop_bit_set                     0x0800380e   Section        0  gd32f3x0_usart.o(i.usart_stop_bit_set)
    i.usart_transmit_config                  0x08003826   Section        0  gd32f3x0_usart.o(i.usart_transmit_config)
    i.usart_word_length_set                  0x08003836   Section        0  gd32f3x0_usart.o(i.usart_word_length_set)
    .constdata                               0x08003850   Section       32  rredf.o(.constdata)
    twooverpi                                0x08003850   Data          32  rredf.o(.constdata)
    .data                                    0x20000000   Section      204  main.o(.data)
    alarm_filter_cnt                         0x2000000a   Data           2  main.o(.data)
    last_norm                                0x20000098   Data           4  main.o(.data)
    first_run                                0x2000009c   Data           1  main.o(.data)
    gx_bias                                  0x200000a0   Data           4  main.o(.data)
    gy_bias                                  0x200000a4   Data           4  main.o(.data)
    gx_sum                                   0x200000a8   Data           4  main.o(.data)
    gy_sum                                   0x200000ac   Data           4  main.o(.data)
    gz_sum                                   0x200000b0   Data           4  main.o(.data)
    init_cnt                                 0x200000b4   Data           2  main.o(.data)
    ix                                       0x200000b8   Data           4  main.o(.data)
    iy                                       0x200000bc   Data           4  main.o(.data)
    iz                                       0x200000c0   Data           4  main.o(.data)
    stable_cnt                               0x200000c4   Data           2  main.o(.data)
    alarm_print_cnt                          0x200000c6   Data           2  main.o(.data)
    debug_cnt                                0x200000c8   Data           4  main.o(.data)
    .data                                    0x200000cc   Section        4  systick.o(.data)
    delay                                    0x200000cc   Data           4  systick.o(.data)
    .data                                    0x200000d0   Section        4  system_gd32f3x0.o(.data)
    .data                                    0x200000d4   Section        4  stdout.o(.data)
    .data                                    0x200000d8   Section        4  errno.o(.data)
    _errno                                   0x200000d8   Data           4  errno.o(.data)
    .bss                                     0x200000dc   Section      116  main.o(.bss)
    STACK                                    0x20000150   Section     1024  startup_gd32f3x0.o(STACK)

    Global Symbols

    Symbol Name                              Value     Ov Type        Size  Object(Section)

    BuildAttributes$$THM_ISAv4$E$P$D$K$B$S$7EM$VFPi3$EXTD16$VFPS$VFMA$PE$A:L22UL41UL21$X:L11$S22US41US21$IEEE1$IW$USESV6$~STKCKD$USESV7$~SHL$OTIME$ROPI$IEEEX$EBA8$MICROLIB$REQ8$PRES8$EABIv2 0x00000000   Number         0  anon$$obj.o ABSOLUTE
    __ARM_use_no_argv                        0x00000000   Number         0  main.o ABSOLUTE
    _printf_a                                0x00000000   Number         0  stubs.o ABSOLUTE
    _printf_c                                0x00000000   Number         0  stubs.o ABSOLUTE
    _printf_charcount                        0x00000000   Number         0  stubs.o ABSOLUTE
    _printf_d                                0x00000000   Number         0  stubs.o ABSOLUTE
    _printf_e                                0x00000000   Number         0  stubs.o ABSOLUTE
    _printf_f                                0x00000000   Number         0  stubs.o ABSOLUTE
    _printf_flags                            0x00000000   Number         0  stubs.o ABSOLUTE
    _printf_fp_dec                           0x00000000   Number         0  stubs.o ABSOLUTE
    _printf_fp_hex                           0x00000000   Number         0  stubs.o ABSOLUTE
    _printf_g                                0x00000000   Number         0  stubs.o ABSOLUTE
    _printf_i                                0x00000000   Number         0  stubs.o ABSOLUTE
    _printf_int_dec                          0x00000000   Number         0  stubs.o ABSOLUTE
    _printf_l                                0x00000000   Number         0  stubs.o ABSOLUTE
    _printf_lc                               0x00000000   Number         0  stubs.o ABSOLUTE
    _printf_ll                               0x00000000   Number         0  stubs.o ABSOLUTE
    _printf_lld                              0x00000000   Number         0  stubs.o ABSOLUTE
    _printf_lli                              0x00000000   Number         0  stubs.o ABSOLUTE
    _printf_llo                              0x00000000   Number         0  stubs.o ABSOLUTE
    _printf_llu                              0x00000000   Number         0  stubs.o ABSOLUTE
    _printf_llx                              0x00000000   Number         0  stubs.o ABSOLUTE
    _printf_longlong_dec                     0x00000000   Number         0  stubs.o ABSOLUTE
    _printf_longlong_hex                     0x00000000   Number         0  stubs.o ABSOLUTE
    _printf_longlong_oct                     0x00000000   Number         0  stubs.o ABSOLUTE
    _printf_ls                               0x00000000   Number         0  stubs.o ABSOLUTE
    _printf_mbtowc                           0x00000000   Number         0  stubs.o ABSOLUTE
    _printf_n                                0x00000000   Number         0  stubs.o ABSOLUTE
    _printf_o                                0x00000000   Number         0  stubs.o ABSOLUTE
    _printf_p                                0x00000000   Number         0  stubs.o ABSOLUTE
    _printf_percent                          0x00000000   Number         0  stubs.o ABSOLUTE
    _printf_pre_padding                      0x00000000   Number         0  stubs.o ABSOLUTE
    _printf_return_value                     0x00000000   Number         0  stubs.o ABSOLUTE
    _printf_s                                0x00000000   Number         0  stubs.o ABSOLUTE
    _printf_sizespec                         0x00000000   Number         0  stubs.o ABSOLUTE
    _printf_str                              0x00000000   Number         0  stubs.o ABSOLUTE
    _printf_truncate_signed                  0x00000000   Number         0  stubs.o ABSOLUTE
    _printf_truncate_unsigned                0x00000000   Number         0  stubs.o ABSOLUTE
    _printf_u                                0x00000000   Number         0  stubs.o ABSOLUTE
    _printf_wc                               0x00000000   Number         0  stubs.o ABSOLUTE
    _printf_wctomb                           0x00000000   Number         0  stubs.o ABSOLUTE
    _printf_widthprec                        0x00000000   Number         0  stubs.o ABSOLUTE
    _printf_x                                0x00000000   Number         0  stubs.o ABSOLUTE
    __cpp_initialize__aeabi_                  - Undefined Weak Reference
    __cxa_finalize                            - Undefined Weak Reference
    __decompress                              - Undefined Weak Reference
    _clock_init                               - Undefined Weak Reference
    _microlib_exit                            - Undefined Weak Reference
    __Vectors_Size                           0x00000150   Number         0  startup_gd32f3x0.o ABSOLUTE
    __Vectors                                0x08000000   Data           4  startup_gd32f3x0.o(RESET)
    __Vectors_End                            0x08000150   Data           0  startup_gd32f3x0.o(RESET)
    __main                                   0x08000151   Thumb Code     0  entry.o(.ARM.Collect$$$$00000000)
    _main_stk                                0x08000151   Thumb Code     0  entry2.o(.ARM.Collect$$$$00000001)
    _main_scatterload                        0x08000155   Thumb Code     0  entry5.o(.ARM.Collect$$$$00000004)
    __main_after_scatterload                 0x08000159   Thumb Code     0  entry5.o(.ARM.Collect$$$$00000004)
    _main_clock                              0x08000159   Thumb Code     0  entry7b.o(.ARM.Collect$$$$00000008)
    _main_cpp_init                           0x08000159   Thumb Code     0  entry8b.o(.ARM.Collect$$$$0000000A)
    _main_init                               0x08000159   Thumb Code     0  entry9a.o(.ARM.Collect$$$$0000000B)
    __rt_final_cpp                           0x08000161   Thumb Code     0  entry10a.o(.ARM.Collect$$$$0000000D)
    __rt_final_exit                          0x08000161   Thumb Code     0  entry11a.o(.ARM.Collect$$$$0000000F)
    Reset_Handler                            0x08000165   Thumb Code     8  startup_gd32f3x0.o(.text)
    ADC_CMP_IRQHandler                       0x0800017f   Thumb Code     0  startup_gd32f3x0.o(.text)
    CEC_IRQHandler                           0x0800017f   Thumb Code     0  startup_gd32f3x0.o(.text)
    DMA_Channel0_IRQHandler                  0x0800017f   Thumb Code     0  startup_gd32f3x0.o(.text)
    DMA_Channel1_2_IRQHandler                0x0800017f   Thumb Code     0  startup_gd32f3x0.o(.text)
    DMA_Channel3_4_IRQHandler                0x0800017f   Thumb Code     0  startup_gd32f3x0.o(.text)
    DMA_Channel5_6_IRQHandler                0x0800017f   Thumb Code     0  startup_gd32f3x0.o(.text)
    EXTI0_1_IRQHandler                       0x0800017f   Thumb Code     0  startup_gd32f3x0.o(.text)
    EXTI2_3_IRQHandler                       0x0800017f   Thumb Code     0  startup_gd32f3x0.o(.text)
    EXTI4_15_IRQHandler                      0x0800017f   Thumb Code     0  startup_gd32f3x0.o(.text)
    FMC_IRQHandler                           0x0800017f   Thumb Code     0  startup_gd32f3x0.o(.text)
    I2C0_ER_IRQHandler                       0x0800017f   Thumb Code     0  startup_gd32f3x0.o(.text)
    I2C0_EV_IRQHandler                       0x0800017f   Thumb Code     0  startup_gd32f3x0.o(.text)
    I2C1_ER_IRQHandler                       0x0800017f   Thumb Code     0  startup_gd32f3x0.o(.text)
    I2C1_EV_IRQHandler                       0x0800017f   Thumb Code     0  startup_gd32f3x0.o(.text)
    LVD_IRQHandler                           0x0800017f   Thumb Code     0  startup_gd32f3x0.o(.text)
    RCU_CTC_IRQHandler                       0x0800017f   Thumb Code     0  startup_gd32f3x0.o(.text)
    RTC_IRQHandler                           0x0800017f   Thumb Code     0  startup_gd32f3x0.o(.text)
    SPI0_IRQHandler                          0x0800017f   Thumb Code     0  startup_gd32f3x0.o(.text)
    SPI1_IRQHandler                          0x0800017f   Thumb Code     0  startup_gd32f3x0.o(.text)
    TIMER0_BRK_UP_TRG_COM_IRQHandler         0x0800017f   Thumb Code     0  startup_gd32f3x0.o(.text)
    TIMER0_Channel_IRQHandler                0x0800017f   Thumb Code     0  startup_gd32f3x0.o(.text)
    TIMER13_IRQHandler                       0x0800017f   Thumb Code     0  startup_gd32f3x0.o(.text)
    TIMER14_IRQHandler                       0x0800017f   Thumb Code     0  startup_gd32f3x0.o(.text)
    TIMER15_IRQHandler                       0x0800017f   Thumb Code     0  startup_gd32f3x0.o(.text)
    TIMER16_IRQHandler                       0x0800017f   Thumb Code     0  startup_gd32f3x0.o(.text)
    TIMER2_IRQHandler                        0x0800017f   Thumb Code     0  startup_gd32f3x0.o(.text)
    TIMER5_DAC_IRQHandler                    0x0800017f   Thumb Code     0  startup_gd32f3x0.o(.text)
    TSI_IRQHandler                           0x0800017f   Thumb Code     0  startup_gd32f3x0.o(.text)
    USART0_IRQHandler                        0x0800017f   Thumb Code     0  startup_gd32f3x0.o(.text)
    USART1_IRQHandler                        0x0800017f   Thumb Code     0  startup_gd32f3x0.o(.text)
    USBFS_IRQHandler                         0x0800017f   Thumb Code     0  startup_gd32f3x0.o(.text)
    USBFS_WKUP_IRQHandler                    0x0800017f   Thumb Code     0  startup_gd32f3x0.o(.text)
    WWDGT_IRQHandler                         0x0800017f   Thumb Code     0  startup_gd32f3x0.o(.text)
    __aeabi_memcpy                           0x08000189   Thumb Code    36  memcpya.o(.text)
    __aeabi_memcpy4                          0x08000189   Thumb Code     0  memcpya.o(.text)
    __aeabi_memcpy8                          0x08000189   Thumb Code     0  memcpya.o(.text)
    __aeabi_f2d                              0x080001ad   Thumb Code    38  f2d.o(.text)
    __aeabi_uidiv                            0x080001d3   Thumb Code     0  uidiv.o(.text)
    __aeabi_uidivmod                         0x080001d3   Thumb Code    44  uidiv.o(.text)
    __aeabi_uldivmod                         0x080001ff   Thumb Code    98  uldiv.o(.text)
    __I$use$fp                               0x08000261   Thumb Code     0  iusefp.o(.text)
    __aeabi_dadd                             0x08000261   Thumb Code   322  dadd.o(.text)
    __aeabi_dsub                             0x080003a3   Thumb Code     6  dadd.o(.text)
    __aeabi_drsub                            0x080003a9   Thumb Code     6  dadd.o(.text)
    __aeabi_dmul                             0x080003af   Thumb Code   228  dmul.o(.text)
    __aeabi_ddiv                             0x08000493   Thumb Code   222  ddiv.o(.text)
    __aeabi_d2ulz                            0x08000571   Thumb Code    48  dfixul.o(.text)
    __aeabi_cdrcmple                         0x080005a1   Thumb Code    48  cdrcmple.o(.text)
    __scatterload                            0x080005d1   Thumb Code    28  init.o(.text)
    __scatterload_rt2                        0x080005d1   Thumb Code     0  init.o(.text)
    __aeabi_llsl                             0x080005f5   Thumb Code    30  llshl.o(.text)
    _ll_shift_l                              0x080005f5   Thumb Code     0  llshl.o(.text)
    __aeabi_llsr                             0x08000613   Thumb Code    32  llushr.o(.text)
    _ll_ushift_r                             0x08000613   Thumb Code     0  llushr.o(.text)
    __aeabi_lasr                             0x08000633   Thumb Code    36  llsshr.o(.text)
    _ll_sshift_r                             0x08000633   Thumb Code     0  llsshr.o(.text)
    _double_round                            0x08000657   Thumb Code    30  depilogue.o(.text)
    _double_epilogue                         0x08000675   Thumb Code   156  depilogue.o(.text)
    BusFault_Handler                         0x08000711   Thumb Code     4  gd32f3x0_it.o(i.BusFault_Handler)
    DebugMon_Handler                         0x08000715   Thumb Code     4  gd32f3x0_it.o(i.DebugMon_Handler)
    HardFault_Handler                        0x08000719   Thumb Code     4  gd32f3x0_it.o(i.HardFault_Handler)
    MemManage_Handler                        0x0800071d   Thumb Code     4  gd32f3x0_it.o(i.MemManage_Handler)
    NMI_Handler                              0x08000721   Thumb Code     4  gd32f3x0_it.o(i.NMI_Handler)
    PendSV_Handler                           0x0800074d   Thumb Code     4  gd32f3x0_it.o(i.PendSV_Handler)
    SVC_Handler                              0x08000751   Thumb Code     4  gd32f3x0_it.o(i.SVC_Handler)
    SysTick_Handler                          0x08000755   Thumb Code     8  gd32f3x0_it.o(i.SysTick_Handler)
    SystemInit                               0x0800075d   Thumb Code   648  system_gd32f3x0.o(i.SystemInit)
    TIMER1_IRQHandler                        0x08000a0d   Thumb Code    30  gd32f3x0_it.o(i.TIMER1_IRQHandler)
    UsageFault_Handler                       0x08000a31   Thumb Code     4  gd32f3x0_it.o(i.UsageFault_Handler)
    __0printf                                0x08000a35   Thumb Code    22  printfa.o(i.__0printf)
    __1printf                                0x08000a35   Thumb Code     0  printfa.o(i.__0printf)
    __2printf                                0x08000a35   Thumb Code     0  printfa.o(i.__0printf)
    __c89printf                              0x08000a35   Thumb Code     0  printfa.o(i.__0printf)
    printf                                   0x08000a35   Thumb Code     0  printfa.o(i.__0printf)
    __ARM_fpclassifyf                        0x08000a55   Thumb Code    38  fpclassifyf.o(i.__ARM_fpclassifyf)
    __hardfp_atan2f                          0x08000a89   Thumb Code   502  atan2f.o(i.__hardfp_atan2f)
    __hardfp_cosf                            0x08000cd9   Thumb Code   280  cosf.o(i.__hardfp_cosf)
    __hardfp_sinf                            0x08000e29   Thumb Code   344  sinf.o(i.__hardfp_sinf)
    __hardfp_sqrtf                           0x08000fb9   Thumb Code    58  sqrtf.o(i.__hardfp_sqrtf)
    __mathlib_flt_infnan                     0x08000ff3   Thumb Code     6  funder.o(i.__mathlib_flt_infnan)
    __mathlib_flt_infnan2                    0x08000ff9   Thumb Code     6  funder.o(i.__mathlib_flt_infnan2)
    __mathlib_flt_invalid                    0x08001001   Thumb Code    10  funder.o(i.__mathlib_flt_invalid)
    __mathlib_flt_underflow                  0x08001011   Thumb Code    10  funder.o(i.__mathlib_flt_underflow)
    __mathlib_rredf2                         0x08001021   Thumb Code   316  rredf.o(i.__mathlib_rredf2)
    __scatterload_copy                       0x08001175   Thumb Code    14  handlers.o(i.__scatterload_copy)
    __scatterload_null                       0x08001183   Thumb Code     2  handlers.o(i.__scatterload_null)
    __scatterload_zeroinit                   0x08001185   Thumb Code    14  handlers.o(i.__scatterload_zeroinit)
    __set_errno                              0x08001195   Thumb Code     6  errno.o(i.__set_errno)
    attitude_calc_6axis                      0x08001a71   Thumb Code  1616  main.o(i.attitude_calc_6axis)
    attitude_calc_9axis                      0x080020f9   Thumb Code   308  main.o(i.attitude_calc_9axis)
    com_usart_init                           0x08002259   Thumb Code   174  main.o(i.com_usart_init)
    delay_1ms                                0x0800230d   Thumb Code    16  systick.o(i.delay_1ms)
    delay_decrement                          0x08002321   Thumb Code    18  systick.o(i.delay_decrement)
    delay_us                                 0x08002339   Thumb Code    44  systick.o(i.delay_us)
    flash_read                               0x08002461   Thumb Code    20  main.o(i.flash_read)
    fputc                                    0x08002475   Thumb Code    34  gd32f350r_eval.o(i.fputc)
    gpio_af_set                              0x0800249d   Thumb Code    94  gd32f3x0_gpio.o(i.gpio_af_set)
    gpio_bit_reset                           0x080024fb   Thumb Code     4  gd32f3x0_gpio.o(i.gpio_bit_reset)
    gpio_bit_set                             0x080024ff   Thumb Code     4  gd32f3x0_gpio.o(i.gpio_bit_set)
    gpio_config                              0x08002503   Thumb Code    84  main.o(i.gpio_config)
    gpio_input_bit_get                       0x08002557   Thumb Code    18  gd32f3x0_gpio.o(i.gpio_input_bit_get)
    gpio_mode_set                            0x08002569   Thumb Code    78  gd32f3x0_gpio.o(i.gpio_mode_set)
    gpio_output_options_set                  0x080025b7   Thumb Code   124  gd32f3x0_gpio.o(i.gpio_output_options_set)
    i2c_config                               0x08002633   Thumb Code     8  main.o(i.i2c_config)
    i2c_reg_read                             0x0800263b   Thumb Code    66  main.o(i.i2c_reg_read)
    i2c_reg_read_multi                       0x0800267d   Thumb Code    96  main.o(i.i2c_reg_read_multi)
    i2c_reg_write                            0x080026dd   Thumb Code    48  main.o(i.i2c_reg_write)
    icm42670_get_raw_data                    0x0800270d   Thumb Code   312  main.o(i.icm42670_get_raw_data)
    icm42670_init                            0x08002859   Thumb Code    84  main.o(i.icm42670_init)
    imu_main_loop                            0x080028b1   Thumb Code   262  main.o(i.imu_main_loop)
    imu_system_init                          0x080029cd   Thumb Code    16  main.o(i.imu_system_init)
    load_install_zero_point                  0x080029dd   Thumb Code   172  main.o(i.load_install_zero_point)
    mag_disturb_detect                       0x08002ad5   Thumb Code    62  main.o(i.mag_disturb_detect)
    main                                     0x08002b25   Thumb Code   182  main.o(i.main)
    nvic_irq_enable                          0x08002c35   Thumb Code   254  gd32f3x0_misc.o(i.nvic_irq_enable)
    nvic_priority_group_set                  0x08002d3d   Thumb Code    10  gd32f3x0_misc.o(i.nvic_priority_group_set)
    nvic_vector_table_set                    0x08002d51   Thumb Code    16  gd32f3x0_misc.o(i.nvic_vector_table_set)
    qmc5883p_get_raw_data                    0x08002d69   Thumb Code   164  main.o(i.qmc5883p_get_raw_data)
    qmc5883p_init                            0x08002e15   Thumb Code    28  main.o(i.qmc5883p_init)
    rcu_clock_freq_get                       0x08002ec5   Thumb Code   628  gd32f3x0_rcu.o(i.rcu_clock_freq_get)
    rcu_config                               0x08003161   Thumb Code    12  main.o(i.rcu_config)
    rcu_periph_clock_enable                  0x0800316d   Thumb Code    28  gd32f3x0_rcu.o(i.rcu_periph_clock_enable)
    rcu_periph_reset_disable                 0x0800318d   Thumb Code    28  gd32f3x0_rcu.o(i.rcu_periph_reset_disable)
    rcu_periph_reset_enable                  0x080031ad   Thumb Code    28  gd32f3x0_rcu.o(i.rcu_periph_reset_enable)
    soft_i2c_init                            0x080031cd   Thumb Code    66  main.o(i.soft_i2c_init)
    soft_i2c_read_byte                       0x0800320f   Thumb Code   168  main.o(i.soft_i2c_read_byte)
    soft_i2c_send_byte                       0x080032b7   Thumb Code   172  main.o(i.soft_i2c_send_byte)
    soft_i2c_start                           0x08003363   Thumb Code    62  main.o(i.soft_i2c_start)
    soft_i2c_stop                            0x080033a1   Thumb Code    46  main.o(i.soft_i2c_stop)
    systick_config                           0x08003471   Thumb Code    74  systick.o(i.systick_config)
    timer_config                             0x080034c1   Thumb Code    94  main.o(i.timer_config)
    timer_deinit                             0x08003521   Thumb Code   186  gd32f3x0_timer.o(i.timer_deinit)
    timer_enable                             0x080035e5   Thumb Code    10  gd32f3x0_timer.o(i.timer_enable)
    timer_init                               0x080035f1   Thumb Code   146  gd32f3x0_timer.o(i.timer_init)
    timer_interrupt_enable                   0x0800369d   Thumb Code     8  gd32f3x0_timer.o(i.timer_interrupt_enable)
    timer_interrupt_flag_clear               0x080036a5   Thumb Code     6  gd32f3x0_timer.o(i.timer_interrupt_flag_clear)
    timer_interrupt_flag_get                 0x080036ab   Thumb Code    28  gd32f3x0_timer.o(i.timer_interrupt_flag_get)
    timer_struct_para_init                   0x080036c7   Thumb Code    22  gd32f3x0_timer.o(i.timer_struct_para_init)
    update_day_night_mode                    0x080036dd   Thumb Code    24  main.o(i.update_day_night_mode)
    usart_baudrate_set                       0x080036f9   Thumb Code   120  gd32f3x0_usart.o(i.usart_baudrate_set)
    usart_data_transmit                      0x08003775   Thumb Code     8  gd32f3x0_usart.o(i.usart_data_transmit)
    usart_deinit                             0x0800377d   Thumb Code    58  gd32f3x0_usart.o(i.usart_deinit)
    usart_enable                             0x080037bd   Thumb Code    10  gd32f3x0_usart.o(i.usart_enable)
    usart_flag_get                           0x080037c7   Thumb Code    32  gd32f3x0_usart.o(i.usart_flag_get)
    usart_parity_config                      0x080037e7   Thumb Code    24  gd32f3x0_usart.o(i.usart_parity_config)
    usart_receive_config                     0x080037ff   Thumb Code    16  gd32f3x0_usart.o(i.usart_receive_config)
    usart_stop_bit_set                       0x0800380f   Thumb Code    24  gd32f3x0_usart.o(i.usart_stop_bit_set)
    usart_transmit_config                    0x08003827   Thumb Code    16  gd32f3x0_usart.o(i.usart_transmit_config)
    usart_word_length_set                    0x08003837   Thumb Code    24  gd32f3x0_usart.o(i.usart_word_length_set)
    Region$$Table$$Base                      0x08003870   Number         0  anon$$obj.o(Region$$Table)
    Region$$Table$$Limit                     0x08003890   Number         0  anon$$obj.o(Region$$Table)
    gyro_bias                                0x20000000   Data           8  main.o(.data)
    day_mode                                 0x20000008   Data           1  main.o(.data)
    mag_disturb_flag                         0x20000009   Data           1  main.o(.data)
    stable_cnt                               0x2000000c   Data           4  main.o(.data)
    imu_loop_flag                            0x20000010   Data           1  main.o(.data)
    transmitter_buffer                       0x20000011   Data         128  main.o(.data)
    transfersize                             0x20000091   Data           1  main.o(.data)
    receivesize                              0x20000092   Data           1  main.o(.data)
    txcount                                  0x20000093   Data           1  main.o(.data)
    rxcount                                  0x20000094   Data           2  main.o(.data)
    SystemCoreClock                          0x200000d0   Data           4  system_gd32f3x0.o(.data)
    __stdout                                 0x200000d4   Data           4  stdout.o(.data)
    icm_raw                                  0x200000dc   Data          28  main.o(.bss)
    mag_raw                                  0x200000f8   Data          16  main.o(.bss)
    att                                      0x20000108   Data          24  main.o(.bss)
    quat                                     0x20000120   Data          16  main.o(.bss)
    receiver_buffer                          0x20000130   Data          32  main.o(.bss)
    __initial_sp                             0x20000550   Data           0  startup_gd32f3x0.o(STACK)



==============================================================================

Memory Map of the image

  Image Entry point : 0x08000151

  Load Region LR_IROM1 (Base: 0x08000000, Size: 0x0000396c, Max: 0x00010000, ABSOLUTE)

    Execution Region ER_IROM1 (Exec base: 0x08000000, Load base: 0x08000000, Size: 0x00003890, Max: 0x00010000, ABSOLUTE)

    Exec Addr    Load Addr    Size         Type   Attr      Idx    E Section Name        Object

    0x08000000   0x08000000   0x00000150   Data   RO         3908    RESET               startup_gd32f3x0.o
    0x08000150   0x08000150   0x00000000   Code   RO         4028  * .ARM.Collect$$$$00000000  mc_w.l(entry.o)
    0x08000150   0x08000150   0x00000004   Code   RO         4321    .ARM.Collect$$$$00000001  mc_w.l(entry2.o)
    0x08000154   0x08000154   0x00000004   Code   RO         4324    .ARM.Collect$$$$00000004  mc_w.l(entry5.o)
    0x08000158   0x08000158   0x00000000   Code   RO         4326    .ARM.Collect$$$$00000008  mc_w.l(entry7b.o)
    0x08000158   0x08000158   0x00000000   Code   RO         4328    .ARM.Collect$$$$0000000A  mc_w.l(entry8b.o)
    0x08000158   0x08000158   0x00000008   Code   RO         4329    .ARM.Collect$$$$0000000B  mc_w.l(entry9a.o)
    0x08000160   0x08000160   0x00000000   Code   RO         4331    .ARM.Collect$$$$0000000D  mc_w.l(entry10a.o)
    0x08000160   0x08000160   0x00000000   Code   RO         4333    .ARM.Collect$$$$0000000F  mc_w.l(entry11a.o)
    0x08000160   0x08000160   0x00000004   Code   RO         4322    .ARM.Collect$$$$00002712  mc_w.l(entry2.o)
    0x08000164   0x08000164   0x00000024   Code   RO         3909    .text               startup_gd32f3x0.o
    0x08000188   0x08000188   0x00000024   Code   RO         4031    .text               mc_w.l(memcpya.o)
    0x080001ac   0x080001ac   0x00000026   Code   RO         4300    .text               mf_w.l(f2d.o)
    0x080001d2   0x080001d2   0x0000002c   Code   RO         4336    .text               mc_w.l(uidiv.o)
    0x080001fe   0x080001fe   0x00000062   Code   RO         4338    .text               mc_w.l(uldiv.o)
    0x08000260   0x08000260   0x00000000   Code   RO         4347    .text               mc_w.l(iusefp.o)
    0x08000260   0x08000260   0x0000014e   Code   RO         4348    .text               mf_w.l(dadd.o)
    0x080003ae   0x080003ae   0x000000e4   Code   RO         4350    .text               mf_w.l(dmul.o)
    0x08000492   0x08000492   0x000000de   Code   RO         4352    .text               mf_w.l(ddiv.o)
    0x08000570   0x08000570   0x00000030   Code   RO         4354    .text               mf_w.l(dfixul.o)
    0x080005a0   0x080005a0   0x00000030   Code   RO         4356    .text               mf_w.l(cdrcmple.o)
    0x080005d0   0x080005d0   0x00000024   Code   RO         4358    .text               mc_w.l(init.o)
    0x080005f4   0x080005f4   0x0000001e   Code   RO         4360    .text               mc_w.l(llshl.o)
    0x08000612   0x08000612   0x00000020   Code   RO         4362    .text               mc_w.l(llushr.o)
    0x08000632   0x08000632   0x00000024   Code   RO         4364    .text               mc_w.l(llsshr.o)
    0x08000656   0x08000656   0x000000ba   Code   RO         4366    .text               mf_w.l(depilogue.o)
    0x08000710   0x08000710   0x00000004   Code   RO            3    i.BusFault_Handler  gd32f3x0_it.o
    0x08000714   0x08000714   0x00000004   Code   RO            4    i.DebugMon_Handler  gd32f3x0_it.o
    0x08000718   0x08000718   0x00000004   Code   RO            5    i.HardFault_Handler  gd32f3x0_it.o
    0x0800071c   0x0800071c   0x00000004   Code   RO            6    i.MemManage_Handler  gd32f3x0_it.o
    0x08000720   0x08000720   0x00000004   Code   RO            7    i.NMI_Handler       gd32f3x0_it.o
    0x08000724   0x08000724   0x00000028   Code   RO          449    i.NVIC_SetPriority  systick.o
    0x0800074c   0x0800074c   0x00000004   Code   RO            8    i.PendSV_Handler    gd32f3x0_it.o
    0x08000750   0x08000750   0x00000004   Code   RO            9    i.SVC_Handler       gd32f3x0_it.o
    0x08000754   0x08000754   0x00000008   Code   RO           10    i.SysTick_Handler   gd32f3x0_it.o
    0x0800075c   0x0800075c   0x000002b0   Code   RO          499    i.SystemInit        system_gd32f3x0.o
    0x08000a0c   0x08000a0c   0x00000024   Code   RO           11    i.TIMER1_IRQHandler  gd32f3x0_it.o
    0x08000a30   0x08000a30   0x00000004   Code   RO           12    i.UsageFault_Handler  gd32f3x0_it.o
    0x08000a34   0x08000a34   0x00000020   Code   RO         4272    i.__0printf         mc_w.l(printfa.o)
    0x08000a54   0x08000a54   0x00000026   Code   RO         4302    i.__ARM_fpclassifyf  m_wm.l(fpclassifyf.o)
    0x08000a7a   0x08000a7a   0x0000000e   Code   RO          173    i.__ARM_isnanf      main.o
    0x08000a88   0x08000a88   0x00000250   Code   RO         3980    i.__hardfp_atan2f   m_wm.l(atan2f.o)
    0x08000cd8   0x08000cd8   0x00000150   Code   RO         3992    i.__hardfp_cosf     m_wm.l(cosf.o)
    0x08000e28   0x08000e28   0x00000190   Code   RO         4004    i.__hardfp_sinf     m_wm.l(sinf.o)
    0x08000fb8   0x08000fb8   0x0000003a   Code   RO         4016    i.__hardfp_sqrtf    m_wm.l(sqrtf.o)
    0x08000ff2   0x08000ff2   0x00000006   Code   RO         4305    i.__mathlib_flt_infnan  m_wm.l(funder.o)
    0x08000ff8   0x08000ff8   0x00000006   Code   RO         4306    i.__mathlib_flt_infnan2  m_wm.l(funder.o)
    0x08000ffe   0x08000ffe   0x00000002   PAD
    0x08001000   0x08001000   0x00000010   Code   RO         4307    i.__mathlib_flt_invalid  m_wm.l(funder.o)
    0x08001010   0x08001010   0x00000010   Code   RO         4310    i.__mathlib_flt_underflow  m_wm.l(funder.o)
    0x08001020   0x08001020   0x00000154   Code   RO         4318    i.__mathlib_rredf2  m_wm.l(rredf.o)
    0x08001174   0x08001174   0x0000000e   Code   RO         4370    i.__scatterload_copy  mc_w.l(handlers.o)
    0x08001182   0x08001182   0x00000002   Code   RO         4371    i.__scatterload_null  mc_w.l(handlers.o)
    0x08001184   0x08001184   0x0000000e   Code   RO         4372    i.__scatterload_zeroinit  mc_w.l(handlers.o)
    0x08001192   0x08001192   0x00000002   PAD
    0x08001194   0x08001194   0x0000000c   Code   RO         4342    i.__set_errno       mc_w.l(errno.o)
    0x080011a0   0x080011a0   0x00000184   Code   RO         4279    i._fp_digits        mc_w.l(printfa.o)
    0x08001324   0x08001324   0x000006dc   Code   RO         4280    i._printf_core      mc_w.l(printfa.o)
    0x08001a00   0x08001a00   0x00000024   Code   RO         4281    i._printf_post_padding  mc_w.l(printfa.o)
    0x08001a24   0x08001a24   0x0000002e   Code   RO         4282    i._printf_pre_padding  mc_w.l(printfa.o)
    0x08001a52   0x08001a52   0x0000001c   Code   RO          500    i._soft_delay_      system_gd32f3x0.o
    0x08001a6e   0x08001a6e   0x00000002   PAD
    0x08001a70   0x08001a70   0x00000688   Code   RO          174    i.attitude_calc_6axis  main.o
    0x080020f8   0x080020f8   0x00000160   Code   RO          175    i.attitude_calc_9axis  main.o
    0x08002258   0x08002258   0x000000b4   Code   RO          176    i.com_usart_init    main.o
    0x0800230c   0x0800230c   0x00000014   Code   RO          450    i.delay_1ms         systick.o
    0x08002320   0x08002320   0x00000018   Code   RO          451    i.delay_decrement   systick.o
    0x08002338   0x08002338   0x0000002c   Code   RO          452    i.delay_us          systick.o
    0x08002364   0x08002364   0x000000fc   Code   RO          177    i.euler_to_quat     main.o
    0x08002460   0x08002460   0x00000014   Code   RO          178    i.flash_read        main.o
    0x08002474   0x08002474   0x00000028   Code   RO         3915    i.fputc             gd32f350r_eval.o
    0x0800249c   0x0800249c   0x0000005e   Code   RO         1688    i.gpio_af_set       gd32f3x0_gpio.o
    0x080024fa   0x080024fa   0x00000004   Code   RO         1689    i.gpio_bit_reset    gd32f3x0_gpio.o
    0x080024fe   0x080024fe   0x00000004   Code   RO         1690    i.gpio_bit_set      gd32f3x0_gpio.o
    0x08002502   0x08002502   0x00000054   Code   RO          180    i.gpio_config       main.o
    0x08002556   0x08002556   0x00000012   Code   RO         1694    i.gpio_input_bit_get  gd32f3x0_gpio.o
    0x08002568   0x08002568   0x0000004e   Code   RO         1696    i.gpio_mode_set     gd32f3x0_gpio.o
    0x080025b6   0x080025b6   0x0000007c   Code   RO         1698    i.gpio_output_options_set  gd32f3x0_gpio.o
    0x08002632   0x08002632   0x00000008   Code   RO          181    i.i2c_config        main.o
    0x0800263a   0x0800263a   0x00000042   Code   RO          182    i.i2c_reg_read      main.o
    0x0800267c   0x0800267c   0x00000060   Code   RO          183    i.i2c_reg_read_multi  main.o
    0x080026dc   0x080026dc   0x00000030   Code   RO          184    i.i2c_reg_write     main.o
    0x0800270c   0x0800270c   0x0000014c   Code   RO          186    i.icm42670_get_raw_data  main.o
    0x08002858   0x08002858   0x00000058   Code   RO          187    i.icm42670_init     main.o
    0x080028b0   0x080028b0   0x0000011c   Code   RO          188    i.imu_main_loop     main.o
    0x080029cc   0x080029cc   0x00000010   Code   RO          189    i.imu_system_init   main.o
    0x080029dc   0x080029dc   0x000000f8   Code   RO          190    i.load_install_zero_point  main.o
    0x08002ad4   0x08002ad4   0x00000050   Code   RO          191    i.mag_disturb_detect  main.o
    0x08002b24   0x08002b24   0x00000110   Code   RO          192    i.main              main.o
    0x08002c34   0x08002c34   0x00000108   Code   RO         1993    i.nvic_irq_enable   gd32f3x0_misc.o
    0x08002d3c   0x08002d3c   0x00000014   Code   RO         1994    i.nvic_priority_group_set  gd32f3x0_misc.o
    0x08002d50   0x08002d50   0x00000018   Code   RO         1995    i.nvic_vector_table_set  gd32f3x0_misc.o
    0x08002d68   0x08002d68   0x000000ac   Code   RO          193    i.qmc5883p_get_raw_data  main.o
    0x08002e14   0x08002e14   0x00000020   Code   RO          194    i.qmc5883p_init     main.o
    0x08002e34   0x08002e34   0x00000090   Code   RO          195    i.quat_normalize    main.o
    0x08002ec4   0x08002ec4   0x0000029c   Code   RO         2197    i.rcu_clock_freq_get  gd32f3x0_rcu.o
    0x08003160   0x08003160   0x0000000c   Code   RO          196    i.rcu_config        main.o
    0x0800316c   0x0800316c   0x00000020   Code   RO         2217    i.rcu_periph_clock_enable  gd32f3x0_rcu.o
    0x0800318c   0x0800318c   0x00000020   Code   RO         2220    i.rcu_periph_reset_disable  gd32f3x0_rcu.o
    0x080031ac   0x080031ac   0x00000020   Code   RO         2221    i.rcu_periph_reset_enable  gd32f3x0_rcu.o
    0x080031cc   0x080031cc   0x00000042   Code   RO          199    i.soft_i2c_init     main.o
    0x0800320e   0x0800320e   0x000000a8   Code   RO          200    i.soft_i2c_read_byte  main.o
    0x080032b6   0x080032b6   0x000000ac   Code   RO          201    i.soft_i2c_send_byte  main.o
    0x08003362   0x08003362   0x0000003e   Code   RO          202    i.soft_i2c_start    main.o
    0x080033a0   0x080033a0   0x0000002e   Code   RO          203    i.soft_i2c_stop     main.o
    0x080033ce   0x080033ce   0x00000002   PAD
    0x080033d0   0x080033d0   0x00000098   Code   RO          502    i.system_clock_84m_irc8m  system_gd32f3x0.o
    0x08003468   0x08003468   0x00000008   Code   RO          503    i.system_clock_config  system_gd32f3x0.o
    0x08003470   0x08003470   0x00000050   Code   RO          453    i.systick_config    systick.o
    0x080034c0   0x080034c0   0x0000005e   Code   RO          204    i.timer_config      main.o
    0x0800351e   0x0800351e   0x00000002   PAD
    0x08003520   0x08003520   0x000000c4   Code   RO         2995    i.timer_deinit      gd32f3x0_timer.o
    0x080035e4   0x080035e4   0x0000000a   Code   RO         3000    i.timer_enable      gd32f3x0_timer.o
    0x080035ee   0x080035ee   0x00000002   PAD
    0x080035f0   0x080035f0   0x000000ac   Code   RO         3010    i.timer_init        gd32f3x0_timer.o
    0x0800369c   0x0800369c   0x00000008   Code   RO         3017    i.timer_interrupt_enable  gd32f3x0_timer.o
    0x080036a4   0x080036a4   0x00000006   Code   RO         3018    i.timer_interrupt_flag_clear  gd32f3x0_timer.o
    0x080036aa   0x080036aa   0x0000001c   Code   RO         3019    i.timer_interrupt_flag_get  gd32f3x0_timer.o
    0x080036c6   0x080036c6   0x00000016   Code   RO         3031    i.timer_struct_para_init  gd32f3x0_timer.o
    0x080036dc   0x080036dc   0x0000001c   Code   RO          205    i.update_day_night_mode  main.o
    0x080036f8   0x080036f8   0x0000007c   Code   RO         3420    i.usart_baudrate_set  gd32f3x0_usart.o
    0x08003774   0x08003774   0x00000008   Code   RO         3427    i.usart_data_transmit  gd32f3x0_usart.o
    0x0800377c   0x0800377c   0x00000040   Code   RO         3428    i.usart_deinit      gd32f3x0_usart.o
    0x080037bc   0x080037bc   0x0000000a   Code   RO         3435    i.usart_enable      gd32f3x0_usart.o
    0x080037c6   0x080037c6   0x00000020   Code   RO         3437    i.usart_flag_get    gd32f3x0_usart.o
    0x080037e6   0x080037e6   0x00000018   Code   RO         3460    i.usart_parity_config  gd32f3x0_usart.o
    0x080037fe   0x080037fe   0x00000010   Code   RO         3462    i.usart_receive_config  gd32f3x0_usart.o
    0x0800380e   0x0800380e   0x00000018   Code   RO         3481    i.usart_stop_bit_set  gd32f3x0_usart.o
    0x08003826   0x08003826   0x00000010   Code   RO         3483    i.usart_transmit_config  gd32f3x0_usart.o
    0x08003836   0x08003836   0x00000018   Code   RO         3487    i.usart_word_length_set  gd32f3x0_usart.o
    0x0800384e   0x0800384e   0x00000002   PAD
    0x08003850   0x08003850   0x00000020   Data   RO         4319    .constdata          m_wm.l(rredf.o)
    0x08003870   0x08003870   0x00000020   Data   RO         4368    Region$$Table       anon$$obj.o


    Execution Region RW_IRAM1 (Exec base: 0x20000000, Load base: 0x08003890, Size: 0x00000550, Max: 0x00002000, ABSOLUTE)

    Exec Addr    Load Addr    Size         Type   Attr      Idx    E Section Name        Object

    0x20000000   0x08003890   0x000000cc   Data   RW          208    .data               main.o
    0x200000cc   0x0800395c   0x00000004   Data   RW          454    .data               systick.o
    0x200000d0   0x08003960   0x00000004   Data   RW          504    .data               system_gd32f3x0.o
    0x200000d4   0x08003964   0x00000004   Data   RW         4335    .data               mc_w.l(stdout.o)
    0x200000d8   0x08003968   0x00000004   Data   RW         4343    .data               mc_w.l(errno.o)
    0x200000dc        -       0x00000074   Zero   RW          207    .bss                main.o
    0x20000150        -       0x00000400   Zero   RW         3906    STACK               startup_gd32f3x0.o


==============================================================================

Image component sizes


      Code (inc. data)   RO Data    RW Data    ZI Data      Debug   Object Name

        40          6          0          0          0        732   gd32f350r_eval.o
       322          0          0          0          0       5313   gd32f3x0_gpio.o
        76          6          0          0          0      55094   gd32f3x0_it.o
       308         28          0          0          0      27731   gd32f3x0_misc.o
       764         60          0          0          0       4576   gd32f3x0_rcu.o
       442         36          0          0          0       6125   gd32f3x0_timer.o
       342         10          0          0          0       7972   gd32f3x0_usart.o
      5108        464          0        204        116      52219   main.o
        36          8        336          0       1024       1004   startup_gd32f3x0.o
       876         54          0          4          0       4779   system_gd32f3x0.o
       208         24          0          4          0      28641   systick.o

    ----------------------------------------------------------------------
      8532        696        368        212       1140     194186   Object Totals
         0          0         32          0          0          0   (incl. Generated)
        10          0          0          0          0          0   (incl. Padding)

    ----------------------------------------------------------------------

      Code (inc. data)   RO Data    RW Data    ZI Data      Debug   Library Member Name

       592         90          0          0          0        184   atan2f.o
       336         56          0          0          0        136   cosf.o
        38          0          0          0          0        116   fpclassifyf.o
        44         12          0          0          0        464   funder.o
       340         24         32          0          0        160   rredf.o
       400         56          0          0          0        212   sinf.o
        58          0          0          0          0        136   sqrtf.o
         0          0          0          0          0          0   entry.o
         0          0          0          0          0          0   entry10a.o
         0          0          0          0          0          0   entry11a.o
         8          4          0          0          0          0   entry2.o
         4          0          0          0          0          0   entry5.o
         0          0          0          0          0          0   entry7b.o
         0          0          0          0          0          0   entry8b.o
         8          4          0          0          0          0   entry9a.o
        12          6          0          4          0         68   errno.o
        30          0          0          0          0          0   handlers.o
        36          8          0          0          0         68   init.o
         0          0          0          0          0          0   iusefp.o
        30          0          0          0          0         68   llshl.o
        36          0          0          0          0         68   llsshr.o
        32          0          0          0          0         68   llushr.o
        36          0          0          0          0         68   memcpya.o
      2258         90          0          0          0        452   printfa.o
         0          0          0          4          0          0   stdout.o
        44          0          0          0          0         80   uidiv.o
        98          0          0          0          0         92   uldiv.o
        48          0          0          0          0         68   cdrcmple.o
       334          0          0          0          0        148   dadd.o
       222          0          0          0          0        100   ddiv.o
       186          0          0          0          0        176   depilogue.o
        48          0          0          0          0         68   dfixul.o
       228          0          0          0          0         96   dmul.o
        38          0          0          0          0         68   f2d.o

    ----------------------------------------------------------------------
      5548        350         32          8          0       3164   Library Totals
         4          0          0          0          0          0   (incl. Padding)

    ----------------------------------------------------------------------

      Code (inc. data)   RO Data    RW Data    ZI Data      Debug   Library Name

      1808        238         32          0          0       1408   m_wm.l
      2632        112          0          8          0       1032   mc_w.l
      1104          0          0          0          0        724   mf_w.l

    ----------------------------------------------------------------------
      5548        350         32          8          0       3164   Library Totals

    ----------------------------------------------------------------------

==============================================================================


      Code (inc. data)   RO Data    RW Data    ZI Data      Debug   

     14080       1046        400        220       1140     188422   Grand Totals
     14080       1046        400        220       1140     188422   ELF Image Totals
     14080       1046        400        220          0          0   ROM Totals

==============================================================================

    Total RO  Size (Code + RO Data)                14480 (  14.14kB)
    Total RW  Size (RW Data + ZI Data)              1360 (   1.33kB)
    Total ROM Size (Code + RO Data + RW Data)      14700 (  14.36kB)

==============================================================================

